<Configure>
  <SourceGuideline value="C:\Foresight\EDISIM\User Files\Public Guidelines\BC_CUST_IFTMBCD00A.std" />
  <SourceSet value="IFTMBC" />
  <TargetGuideline value="C:\1_B2BDEV_SVN\trunk\b2b\applications\_bc_upgrade\bc\edifact\schema\cust\IFTMBCD00A\20140709\CS-SYSINT-CUST-BC-IFTMBC_D00A_20140710aDL.xsd" />
  <TargetSet value="" />
  <EDISIM value="6.13.0 HF-002" format="BC" />
  <SOURCEOPTION>
    <keyOffset value="" />
    <keylen value="" />
    <recordterminator value="" />
    <sourcedoctype value="EDIFACT" />
    <sourcexmlRootNode value="" />
    <sourcexmlxmlnameSpace value="" />
    <isDoconly value="" />
    <sourceFlatFileType value="N" />
  </SOURCEOPTION>
  <TARGETOPTION>
    <segSeparator value="" />
    <compSeparator value="" />
    <elmSeparator value="" />
    <subcomponenteparator value="" />
    <repetionSeparator value="" />
    <wrapdata value="0" />
    <UsingSourceSep value="0" />
    <uppercase value="0" />
    <lowercase value="0" />
    <singleENV value="0" />
    <targetFlatNoID value="0" />
    <MappingOffset value="0" />
    <targetdoctype value="XML" />
    <xmlRootNode value="T-IFTMBC" />
    <xmlNameSpace value="http://www.w3.org/2001/XMLSchema" />
    <isflatdelimited value="0" />
    <writeSegTag value="0" />
    <addnewline value="0" />
    <startWithDelimiter value="0" />
    <endWithDelimiter value="0" />
    <flatdelimiter value="" />
    <flatSubdelimiter value="" />
    <flatendingdelimiter value="" />
    <is2pass value="0" />
    <trimSpace value="" />
    <newline value="0" />
    <allowTrailingDelimiter value="1" />
  </TARGETOPTION>
  <KEYMAP>
    <Map>
      <From key="//UNA//1" />
      <To key="T-IFTMBC/S-UNA/E-UNA01" />
    </Map>
    <Map>
      <From key="//UNA//2" />
      <To key="T-IFTMBC/S-UNA/E-UNA02" />
    </Map>
    <Map>
      <From key="//UNA//3" />
      <To key="T-IFTMBC/S-UNA/E-UNA03" />
    </Map>
    <Map>
      <From key="//UNA//4" />
      <To key="T-IFTMBC/S-UNA/E-UNA04" />
    </Map>
    <Map>
      <From key="//UNA//5" />
      <To key="T-IFTMBC/S-UNA/E-UNA05" />
    </Map>
    <Map>
      <From key="//UNA//6" />
      <To key="T-IFTMBC/S-UNA/E-UNA06" />
    </Map>
    <Map>
      <From key="//UNB//1-1" />
      <To key="T-IFTMBC/L-UNB/S-UNB/C-S001_UNB_01/E-0001_UNB_01.01" />
    </Map>
    <Map>
      <From key="//UNB//1-2" />
      <To key="T-IFTMBC/L-UNB/S-UNB/C-S001_UNB_01/E-0002_UNB_01.02" />
    </Map>
    <Map>
      <From key="//UNB//2-1" />
      <To key="T-IFTMBC/L-UNB/S-UNB/C-S002_UNB_02/E-0004_UNB_02.01" />
    </Map>
    <Map>
      <From key="//UNB//2-2" />
      <To key="T-IFTMBC/L-UNB/S-UNB/C-S002_UNB_02/E-0007_UNB_02.02" />
    </Map>
    <Map>
      <From key="//UNB//2-3" />
      <To key="T-IFTMBC/L-UNB/S-UNB/C-S002_UNB_02/E-0008_UNB_02.03" />
    </Map>
    <Map>
      <From key="//UNB//3-1" />
      <To key="T-IFTMBC/L-UNB/S-UNB/C-S003_UNB_03/E-0010_UNB_03.01" />
    </Map>
    <Map>
      <From key="//UNB//3-2" />
      <To key="T-IFTMBC/L-UNB/S-UNB/C-S003_UNB_03/E-0007_UNB_03.02" />
    </Map>
    <Map>
      <From key="//UNB//3-3" />
      <To key="T-IFTMBC/L-UNB/S-UNB/C-S003_UNB_03/E-0014_UNB_03.03" />
    </Map>
    <Map>
      <From key="//UNB//4-1" />
      <To key="T-IFTMBC/L-UNB/S-UNB/C-S004_UNB_04/E-0017_UNB_04.01" />
    </Map>
    <Map>
      <From key="//UNB//4-2" />
      <To key="T-IFTMBC/L-UNB/S-UNB/C-S004_UNB_04/E-0019_UNB_04.02" />
    </Map>
    <Map>
      <From key="//UNB//5" />
      <To key="T-IFTMBC/L-UNB/S-UNB/E-0020_UNB_05" />
    </Map>
    <Map>
      <From key="//UNB//6-1" />
      <To key="T-IFTMBC/L-UNB/S-UNB/C-S005_UNB_06/E-0022_UNB_06.01" />
    </Map>
    <Map>
      <From key="//UNB//6-2" />
      <To key="T-IFTMBC/L-UNB/S-UNB/C-S005_UNB_06/E-0025_UNB_06.02" />
    </Map>
    <Map>
      <From key="//UNB//7" />
      <To key="T-IFTMBC/L-UNB/S-UNB/E-0026_UNB_07" />
    </Map>
    <Map>
      <From key="//UNB//8" />
      <To key="T-IFTMBC/L-UNB/S-UNB/E-0029_UNB_08" />
    </Map>
    <Map>
      <From key="//UNB//9" />
      <To key="T-IFTMBC/L-UNB/S-UNB/E-0031_UNB_09" />
    </Map>
    <Map>
      <From key="//UNB//10" />
      <To key="T-IFTMBC/L-UNB/S-UNB/E-0032_UNB_10" />
    </Map>
    <Map>
      <From key="//UNB//11" />
      <To key="T-IFTMBC/L-UNB/S-UNB/E-0035_UNB_11" />
    </Map>
    <Map>
      <From key="//UNG//1" />
      <To key="T-IFTMBC/L-UNG/S-UNG/E-0038_UNG_01" />
    </Map>
    <Map>
      <From key="//UNG//2-1" />
      <To key="T-IFTMBC/L-UNG/S-UNG/C-S006_UNG_02/E-0040_UNG_02.01" />
    </Map>
    <Map>
      <From key="//UNG//2-2" />
      <To key="T-IFTMBC/L-UNG/S-UNG/C-S006_UNG_02/E-0007_UNG_02.02" />
    </Map>
    <Map>
      <From key="//UNG//3-1" />
      <To key="T-IFTMBC/L-UNG/S-UNG/C-S007_UNG_03/E-0044_UNG_03.01" />
    </Map>
    <Map>
      <From key="//UNG//3-2" />
      <To key="T-IFTMBC/L-UNG/S-UNG/C-S007_UNG_03/E-0007_UNG_03.02" />
    </Map>
    <Map>
      <From key="//UNG//4-1" />
      <To key="T-IFTMBC/L-UNG/S-UNG/C-S004_UNG_04/E-0017_UNG_04.01" />
    </Map>
    <Map>
      <From key="//UNG//4-2" />
      <To key="T-IFTMBC/L-UNG/S-UNG/C-S004_UNG_04/E-0019_UNG_04.02" />
    </Map>
    <Map>
      <From key="//UNG//5" />
      <To key="T-IFTMBC/L-UNG/S-UNG/E-0048_UNG_05" />
    </Map>
    <Map>
      <From key="//UNG//6" />
      <To key="T-IFTMBC/L-UNG/S-UNG/E-0051_UNG_06" />
    </Map>
    <Map>
      <From key="//UNG//7-1" />
      <To key="T-IFTMBC/L-UNG/S-UNG/C-S008_UNG_07/E-0052_UNG_07.01" />
    </Map>
    <Map>
      <From key="//UNG//7-2" />
      <To key="T-IFTMBC/L-UNG/S-UNG/C-S008_UNG_07/E-0054_UNG_07.02" />
    </Map>
    <Map>
      <From key="//UNG//7-3" />
      <To key="T-IFTMBC/L-UNG/S-UNG/C-S008_UNG_07/E-0057_UNG_07.03" />
    </Map>
    <Map>
      <From key="//UNG//8" />
      <To key="T-IFTMBC/L-UNG/S-UNG/E-0058_UNG_08" />
    </Map>
    <Map>
      <From key="IFTMBC/1///1" />
      <To key="T-IFTMBC/S-UNH_1/E-0062_1_01" />
    </Map>
    <Map>
      <From key="IFTMBC/1///2-1" />
      <To key="T-IFTMBC/S-UNH_1/C-S009_1_02/E-0065_1_02.01" />
    </Map>
    <Map>
      <From key="IFTMBC/1///2-2" />
      <To key="T-IFTMBC/S-UNH_1/C-S009_1_02/E-0052_1_02.02" />
    </Map>
    <Map>
      <From key="IFTMBC/1///2-3" />
      <To key="T-IFTMBC/S-UNH_1/C-S009_1_02/E-0054_1_02.03" />
    </Map>
    <Map>
      <From key="IFTMBC/1///2-4" />
      <To key="T-IFTMBC/S-UNH_1/C-S009_1_02/E-0051_1_02.04" />
    </Map>
    <Map>
      <From key="IFTMBC/1///2-5" />
      <To key="T-IFTMBC/S-UNH_1/C-S009_1_02/E-0057_1_02.05" />
    </Map>
    <Map>
      <From key="IFTMBC/1///2-6" />
      <To key="T-IFTMBC/S-UNH_1/C-S009_1_02/E-0110_1_02.06" />
    </Map>
    <Map>
      <From key="IFTMBC/1///2-7" />
      <To key="T-IFTMBC/S-UNH_1/C-S009_1_02/E-0113_1_02.07" />
    </Map>
    <Map>
      <From key="IFTMBC/1///3" />
      <To key="T-IFTMBC/S-UNH_1/E-0068_1_03" />
    </Map>
    <Map>
      <From key="IFTMBC/1///4-1" />
      <To key="T-IFTMBC/S-UNH_1/C-S010_1_04/E-0070_1_04.01" />
    </Map>
    <Map>
      <From key="IFTMBC/1///4-2" />
      <To key="T-IFTMBC/S-UNH_1/C-S010_1_04/E-0073_1_04.02" />
    </Map>
    <Map>
      <From key="IFTMBC/2///1-1" />
      <To key="T-IFTMBC/S-BGM_2/C-C002_2_01/E-1001_2_01.01" />
    </Map>
    <Map>
      <From key="IFTMBC/2///1-2" />
      <To key="T-IFTMBC/S-BGM_2/C-C002_2_01/E-1131_2_01.02" />
    </Map>
    <Map>
      <From key="IFTMBC/2///1-3" />
      <To key="T-IFTMBC/S-BGM_2/C-C002_2_01/E-3055_2_01.03" />
    </Map>
    <Map>
      <From key="IFTMBC/2///1-4" />
      <To key="T-IFTMBC/S-BGM_2/C-C002_2_01/E-1000_2_01.04" />
    </Map>
    <Map>
      <From key="IFTMBC/2///2-1" />
      <To key="T-IFTMBC/S-BGM_2/C-C106_2_02/E-1004_2_02.01" />
    </Map>
    <Map>
      <From key="IFTMBC/2///2-2" />
      <To key="T-IFTMBC/S-BGM_2/C-C106_2_02/E-1056_2_02.02" />
    </Map>
    <Map>
      <From key="IFTMBC/2///2-3" />
      <To key="T-IFTMBC/S-BGM_2/C-C106_2_02/E-1060_2_02.03" />
    </Map>
    <Map>
      <From key="IFTMBC/2///3" />
      <To key="T-IFTMBC/S-BGM_2/E-1225_2_03" />
    </Map>
    <Map>
      <From key="IFTMBC/2///4" />
      <To key="T-IFTMBC/S-BGM_2/E-4343_2_04" />
    </Map>
    <Map>
      <From key="IFTMBC/3///1" />
      <To key="T-IFTMBC/S-CTA_3/E-3139_3_01" />
    </Map>
    <Map>
      <From key="IFTMBC/3///2-1" />
      <To key="T-IFTMBC/S-CTA_3/C-C056_3_02/E-3413_3_02.01" />
    </Map>
    <Map>
      <From key="IFTMBC/3///2-2" />
      <To key="T-IFTMBC/S-CTA_3/C-C056_3_02/E-3412_3_02.02" />
    </Map>
    <Map>
      <From key="IFTMBC/4///1-1" />
      <To key="T-IFTMBC/S-COM_4/C-C076_4_01/E-3148_4_01.01" />
    </Map>
    <Map>
      <From key="IFTMBC/4///1-2" />
      <To key="T-IFTMBC/S-COM_4/C-C076_4_01/E-3155_4_01.02" />
    </Map>
    <Map>
      <From key="IFTMBC/5///1-1" />
      <To key="T-IFTMBC/S-DTM_5/C-C507_5_01/E-2005_5_01.01" />
    </Map>
    <Map>
      <From key="IFTMBC/5///1-2" />
      <To key="T-IFTMBC/S-DTM_5/C-C507_5_01/E-2380_5_01.02" />
    </Map>
    <Map>
      <From key="IFTMBC/5///1-3" />
      <To key="T-IFTMBC/S-DTM_5/C-C507_5_01/E-2379_5_01.03" />
    </Map>
    <Map>
      <From key="IFTMBC/6///1-1" />
      <To key="T-IFTMBC/S-TSR_6/C-C536_6_01/E-4065_6_01.01" />
    </Map>
    <Map>
      <From key="IFTMBC/6///1-2" />
      <To key="T-IFTMBC/S-TSR_6/C-C536_6_01/E-1131_6_01.02" />
    </Map>
    <Map>
      <From key="IFTMBC/6///1-3" />
      <To key="T-IFTMBC/S-TSR_6/C-C536_6_01/E-3055_6_01.03" />
    </Map>
    <Map>
      <From key="IFTMBC/6///2-1" />
      <To key="T-IFTMBC/S-TSR_6/C-C233_6_02/E-7273_6_02.01" />
    </Map>
    <Map>
      <From key="IFTMBC/6///2-2" />
      <To key="T-IFTMBC/S-TSR_6/C-C233_6_02/E-1131_6_02.02" />
    </Map>
    <Map>
      <From key="IFTMBC/6///2-3" />
      <To key="T-IFTMBC/S-TSR_6/C-C233_6_02/E-3055_6_02.03" />
    </Map>
    <Map>
      <From key="IFTMBC/6///2-4" />
      <To key="T-IFTMBC/S-TSR_6/C-C233_6_02/E-7273_6_02.04" />
    </Map>
    <Map>
      <From key="IFTMBC/6///2-5" />
      <To key="T-IFTMBC/S-TSR_6/C-C233_6_02/E-1131_6_02.05" />
    </Map>
    <Map>
      <From key="IFTMBC/6///2-6" />
      <To key="T-IFTMBC/S-TSR_6/C-C233_6_02/E-3055_6_02.06" />
    </Map>
    <Map>
      <From key="IFTMBC/6///3-1" />
      <To key="T-IFTMBC/S-TSR_6/C-C537_6_03/E-4219_6_03.01" />
    </Map>
    <Map>
      <From key="IFTMBC/6///3-2" />
      <To key="T-IFTMBC/S-TSR_6/C-C537_6_03/E-1131_6_03.02" />
    </Map>
    <Map>
      <From key="IFTMBC/6///3-3" />
      <To key="T-IFTMBC/S-TSR_6/C-C537_6_03/E-3055_6_03.03" />
    </Map>
    <Map>
      <From key="IFTMBC/6///4-1" />
      <To key="T-IFTMBC/S-TSR_6/C-C703_6_04/E-7085_6_04.01" />
    </Map>
    <Map>
      <From key="IFTMBC/6///4-2" />
      <To key="T-IFTMBC/S-TSR_6/C-C703_6_04/E-1131_6_04.02" />
    </Map>
    <Map>
      <From key="IFTMBC/6///4-3" />
      <To key="T-IFTMBC/S-TSR_6/C-C703_6_04/E-3055_6_04.03" />
    </Map>
    <Map>
      <From key="IFTMBC/7///1" />
      <To key="T-IFTMBC/S-FTX_7/E-4451_7_01" />
    </Map>
    <Map>
      <From key="IFTMBC/7///2" />
      <To key="T-IFTMBC/S-FTX_7/E-4453_7_02" />
    </Map>
    <Map>
      <From key="IFTMBC/7///3-1" />
      <To key="T-IFTMBC/S-FTX_7/C-C107_7_03/E-4441_7_03.01" />
    </Map>
    <Map>
      <From key="IFTMBC/7///3-2" />
      <To key="T-IFTMBC/S-FTX_7/C-C107_7_03/E-1131_7_03.02" />
    </Map>
    <Map>
      <From key="IFTMBC/7///3-3" />
      <To key="T-IFTMBC/S-FTX_7/C-C107_7_03/E-3055_7_03.03" />
    </Map>
    <Map>
      <From key="IFTMBC/7///4-1" />
      <To key="T-IFTMBC/S-FTX_7/C-C108_7_04/E-4440_7_04.01" />
    </Map>
    <Map>
      <From key="IFTMBC/7///4-2" />
      <To key="T-IFTMBC/S-FTX_7/C-C108_7_04/E-4440_7_04.02" />
    </Map>
    <Map>
      <From key="IFTMBC/7///4-3" />
      <To key="T-IFTMBC/S-FTX_7/C-C108_7_04/E-4440_7_04.03" />
    </Map>
    <Map>
      <From key="IFTMBC/7///4-4" />
      <To key="T-IFTMBC/S-FTX_7/C-C108_7_04/E-4440_7_04.04" />
    </Map>
    <Map>
      <From key="IFTMBC/7///4-5" />
      <To key="T-IFTMBC/S-FTX_7/C-C108_7_04/E-4440_7_04.05" />
    </Map>
    <Map>
      <From key="IFTMBC/7///5" />
      <To key="T-IFTMBC/S-FTX_7/E-3453_7_05" />
    </Map>
    <Map>
      <From key="IFTMBC/7///6" />
      <To key="T-IFTMBC/S-FTX_7/E-4447_7_06" />
    </Map>
    <Map>
      <From key="IFTMBC/8///1-1" />
      <To key="T-IFTMBC/S-CNT_8/C-C270_8_01/E-6069_8_01.01" />
    </Map>
    <Map>
      <From key="IFTMBC/8///1-2" />
      <To key="T-IFTMBC/S-CNT_8/C-C270_8_01/E-6066_8_01.02" />
    </Map>
    <Map>
      <From key="IFTMBC/8///1-3" />
      <To key="T-IFTMBC/S-CNT_8/C-C270_8_01/E-6411_8_01.03" />
    </Map>
    <Map>
      <From key="IFTMBC/9///1-1" />
      <To key="T-IFTMBC/S-GDS_9/C-C703_9_01/E-7085_9_01.01" />
    </Map>
    <Map>
      <From key="IFTMBC/9///1-2" />
      <To key="T-IFTMBC/S-GDS_9/C-C703_9_01/E-1131_9_01.02" />
    </Map>
    <Map>
      <From key="IFTMBC/9///1-3" />
      <To key="T-IFTMBC/S-GDS_9/C-C703_9_01/E-3055_9_01.03" />
    </Map>
    <Map>
      <From key="IFTMBC/11///1" />
      <To key="T-IFTMBC/L-LOC_11/S-LOC_11/E-3227_11_01" />
    </Map>
    <Map>
      <From key="IFTMBC/11///2-1" />
      <To key="T-IFTMBC/L-LOC_11/S-LOC_11/C-C517_11_02/E-3225_11_02.01" />
    </Map>
    <Map>
      <From key="IFTMBC/11///2-2" />
      <To key="T-IFTMBC/L-LOC_11/S-LOC_11/C-C517_11_02/E-1131_11_02.02" />
    </Map>
    <Map>
      <From key="IFTMBC/11///2-3" />
      <To key="T-IFTMBC/L-LOC_11/S-LOC_11/C-C517_11_02/E-3055_11_02.03" />
    </Map>
    <Map>
      <From key="IFTMBC/11///2-4" />
      <To key="T-IFTMBC/L-LOC_11/S-LOC_11/C-C517_11_02/E-3224_11_02.04" />
    </Map>
    <Map>
      <From key="IFTMBC/11///3-1" />
      <To key="T-IFTMBC/L-LOC_11/S-LOC_11/C-C519_11_03/E-3223_11_03.01" />
    </Map>
    <Map>
      <From key="IFTMBC/11///3-2" />
      <To key="T-IFTMBC/L-LOC_11/S-LOC_11/C-C519_11_03/E-1131_11_03.02" />
    </Map>
    <Map>
      <From key="IFTMBC/11///3-3" />
      <To key="T-IFTMBC/L-LOC_11/S-LOC_11/C-C519_11_03/E-3055_11_03.03" />
    </Map>
    <Map>
      <From key="IFTMBC/11///3-4" />
      <To key="T-IFTMBC/L-LOC_11/S-LOC_11/C-C519_11_03/E-3222_11_03.04" />
    </Map>
    <Map>
      <From key="IFTMBC/11///4-1" />
      <To key="T-IFTMBC/L-LOC_11/S-LOC_11/C-C553_11_04/E-3233_11_04.01" />
    </Map>
    <Map>
      <From key="IFTMBC/11///4-2" />
      <To key="T-IFTMBC/L-LOC_11/S-LOC_11/C-C553_11_04/E-1131_11_04.02" />
    </Map>
    <Map>
      <From key="IFTMBC/11///4-3" />
      <To key="T-IFTMBC/L-LOC_11/S-LOC_11/C-C553_11_04/E-3055_11_04.03" />
    </Map>
    <Map>
      <From key="IFTMBC/11///4-4" />
      <To key="T-IFTMBC/L-LOC_11/S-LOC_11/C-C553_11_04/E-3232_11_04.04" />
    </Map>
    <Map>
      <From key="IFTMBC/11///5" />
      <To key="T-IFTMBC/L-LOC_11/S-LOC_11/E-5479_11_05" />
    </Map>
    <Map>
      <From key="IFTMBC/12///1-1" />
      <To key="T-IFTMBC/L-LOC_11/S-DTM_12/C-C507_12_01/E-2005_12_01.01" />
    </Map>
    <Map>
      <From key="IFTMBC/12///1-2" />
      <To key="T-IFTMBC/L-LOC_11/S-DTM_12/C-C507_12_01/E-2380_12_01.02" />
    </Map>
    <Map>
      <From key="IFTMBC/12///1-3" />
      <To key="T-IFTMBC/L-LOC_11/S-DTM_12/C-C507_12_01/E-2379_12_01.03" />
    </Map>
    <Map>
      <From key="IFTMBC/14///1-1" />
      <To key="T-IFTMBC/L-RFF_14/S-RFF_14/C-C506_14_01/E-1153_14_01.01" />
    </Map>
    <Map>
      <From key="IFTMBC/14///1-2" />
      <To key="T-IFTMBC/L-RFF_14/S-RFF_14/C-C506_14_01/E-1154_14_01.02" />
    </Map>
    <Map>
      <From key="IFTMBC/14///1-3" />
      <To key="T-IFTMBC/L-RFF_14/S-RFF_14/C-C506_14_01/E-1156_14_01.03" />
    </Map>
    <Map>
      <From key="IFTMBC/14///1-4" />
      <To key="T-IFTMBC/L-RFF_14/S-RFF_14/C-C506_14_01/E-4000_14_01.04" />
    </Map>
    <Map>
      <From key="IFTMBC/14///1-5" />
      <To key="T-IFTMBC/L-RFF_14/S-RFF_14/C-C506_14_01/E-1060_14_01.05" />
    </Map>
    <Map>
      <From key="IFTMBC/15///1-1" />
      <To key="T-IFTMBC/L-RFF_14/S-DTM_15/C-C507_15_01/E-2005_15_01.01" />
    </Map>
    <Map>
      <From key="IFTMBC/15///1-2" />
      <To key="T-IFTMBC/L-RFF_14/S-DTM_15/C-C507_15_01/E-2380_15_01.02" />
    </Map>
    <Map>
      <From key="IFTMBC/15///1-3" />
      <To key="T-IFTMBC/L-RFF_14/S-DTM_15/C-C507_15_01/E-2379_15_01.03" />
    </Map>
    <Map>
      <From key="IFTMBC/16///1-1" />
      <To key="T-IFTMBC/S-TCC_16/C-C200_16_01/E-8023_16_01.01" />
    </Map>
    <Map>
      <From key="IFTMBC/16///1-2" />
      <To key="T-IFTMBC/S-TCC_16/C-C200_16_01/E-1131_16_01.02" />
    </Map>
    <Map>
      <From key="IFTMBC/16///1-3" />
      <To key="T-IFTMBC/S-TCC_16/C-C200_16_01/E-3055_16_01.03" />
    </Map>
    <Map>
      <From key="IFTMBC/16///1-4" />
      <To key="T-IFTMBC/S-TCC_16/C-C200_16_01/E-8022_16_01.04" />
    </Map>
    <Map>
      <From key="IFTMBC/16///1-5" />
      <To key="T-IFTMBC/S-TCC_16/C-C200_16_01/E-4237_16_01.05" />
    </Map>
    <Map>
      <From key="IFTMBC/16///1-6" />
      <To key="T-IFTMBC/S-TCC_16/C-C200_16_01/E-7140_16_01.06" />
    </Map>
    <Map>
      <From key="IFTMBC/16///2-1" />
      <To key="T-IFTMBC/S-TCC_16/C-C203_16_02/E-5243_16_02.01" />
    </Map>
    <Map>
      <From key="IFTMBC/16///2-2" />
      <To key="T-IFTMBC/S-TCC_16/C-C203_16_02/E-1131_16_02.02" />
    </Map>
    <Map>
      <From key="IFTMBC/16///2-3" />
      <To key="T-IFTMBC/S-TCC_16/C-C203_16_02/E-3055_16_02.03" />
    </Map>
    <Map>
      <From key="IFTMBC/16///2-4" />
      <To key="T-IFTMBC/S-TCC_16/C-C203_16_02/E-5242_16_02.04" />
    </Map>
    <Map>
      <From key="IFTMBC/16///2-5" />
      <To key="T-IFTMBC/S-TCC_16/C-C203_16_02/E-5275_16_02.05" />
    </Map>
    <Map>
      <From key="IFTMBC/16///2-6" />
      <To key="T-IFTMBC/S-TCC_16/C-C203_16_02/E-1131_16_02.06" />
    </Map>
    <Map>
      <From key="IFTMBC/16///2-7" />
      <To key="T-IFTMBC/S-TCC_16/C-C203_16_02/E-3055_16_02.07" />
    </Map>
    <Map>
      <From key="IFTMBC/16///2-8" />
      <To key="T-IFTMBC/S-TCC_16/C-C203_16_02/E-5275_16_02.08" />
    </Map>
    <Map>
      <From key="IFTMBC/16///2-9" />
      <To key="T-IFTMBC/S-TCC_16/C-C203_16_02/E-1131_16_02.09" />
    </Map>
    <Map>
      <From key="IFTMBC/16///2-10" />
      <To key="T-IFTMBC/S-TCC_16/C-C203_16_02/E-3055_16_02.10" />
    </Map>
    <Map>
      <From key="IFTMBC/16///3-1" />
      <To key="T-IFTMBC/S-TCC_16/C-C528_16_03/E-7357_16_03.01" />
    </Map>
    <Map>
      <From key="IFTMBC/16///3-2" />
      <To key="T-IFTMBC/S-TCC_16/C-C528_16_03/E-1131_16_03.02" />
    </Map>
    <Map>
      <From key="IFTMBC/16///3-3" />
      <To key="T-IFTMBC/S-TCC_16/C-C528_16_03/E-3055_16_03.03" />
    </Map>
    <Map>
      <From key="IFTMBC/16///4-1" />
      <To key="T-IFTMBC/S-TCC_16/C-C554_16_04/E-5243_16_04.01" />
    </Map>
    <Map>
      <From key="IFTMBC/16///4-2" />
      <To key="T-IFTMBC/S-TCC_16/C-C554_16_04/E-1131_16_04.02" />
    </Map>
    <Map>
      <From key="IFTMBC/16///4-3" />
      <To key="T-IFTMBC/S-TCC_16/C-C554_16_04/E-3055_16_04.03" />
    </Map>
    <Map>
      <From key="IFTMBC/18///1" />
      <To key="T-IFTMBC/L-TDT_18/S-TDT_18/E-8051_18_01" />
    </Map>
    <Map>
      <From key="IFTMBC/18///2" />
      <To key="T-IFTMBC/L-TDT_18/S-TDT_18/E-8028_18_02" />
    </Map>
    <Map>
      <From key="IFTMBC/18///3-1" />
      <To key="T-IFTMBC/L-TDT_18/S-TDT_18/C-C220_18_03/E-8067_18_03.01" />
    </Map>
    <Map>
      <From key="IFTMBC/18///3-2" />
      <To key="T-IFTMBC/L-TDT_18/S-TDT_18/C-C220_18_03/E-8066_18_03.02" />
    </Map>
    <Map>
      <From key="IFTMBC/18///4-1" />
      <To key="T-IFTMBC/L-TDT_18/S-TDT_18/C-C228_18_04/E-8179_18_04.01" />
    </Map>
    <Map>
      <From key="IFTMBC/18///4-2" />
      <To key="T-IFTMBC/L-TDT_18/S-TDT_18/C-C228_18_04/E-8178_18_04.02" />
    </Map>
    <Map>
      <From key="IFTMBC/18///5-1" />
      <To key="T-IFTMBC/L-TDT_18/S-TDT_18/C-C040_18_05/E-3127_18_05.01" />
    </Map>
    <Map>
      <From key="IFTMBC/18///5-2" />
      <To key="T-IFTMBC/L-TDT_18/S-TDT_18/C-C040_18_05/E-1131_18_05.02" />
    </Map>
    <Map>
      <From key="IFTMBC/18///5-3" />
      <To key="T-IFTMBC/L-TDT_18/S-TDT_18/C-C040_18_05/E-3055_18_05.03" />
    </Map>
    <Map>
      <From key="IFTMBC/18///5-4" />
      <To key="T-IFTMBC/L-TDT_18/S-TDT_18/C-C040_18_05/E-3128_18_05.04" />
    </Map>
    <Map>
      <From key="IFTMBC/18///6" />
      <To key="T-IFTMBC/L-TDT_18/S-TDT_18/E-8101_18_06" />
    </Map>
    <Map>
      <From key="IFTMBC/18///7-1" />
      <To key="T-IFTMBC/L-TDT_18/S-TDT_18/C-C401_18_07/E-8457_18_07.01" />
    </Map>
    <Map>
      <From key="IFTMBC/18///7-2" />
      <To key="T-IFTMBC/L-TDT_18/S-TDT_18/C-C401_18_07/E-8459_18_07.02" />
    </Map>
    <Map>
      <From key="IFTMBC/18///7-3" />
      <To key="T-IFTMBC/L-TDT_18/S-TDT_18/C-C401_18_07/E-7130_18_07.03" />
    </Map>
    <Map>
      <From key="IFTMBC/18///8-1" />
      <To key="T-IFTMBC/L-TDT_18/S-TDT_18/C-C222_18_08/E-8213_18_08.01" />
    </Map>
    <Map>
      <From key="IFTMBC/18///8-2" />
      <To key="T-IFTMBC/L-TDT_18/S-TDT_18/C-C222_18_08/E-1131_18_08.02" />
    </Map>
    <Map>
      <From key="IFTMBC/18///8-3" />
      <To key="T-IFTMBC/L-TDT_18/S-TDT_18/C-C222_18_08/E-3055_18_08.03" />
    </Map>
    <Map>
      <From key="IFTMBC/18///8-4" />
      <To key="T-IFTMBC/L-TDT_18/S-TDT_18/C-C222_18_08/E-8212_18_08.04" />
    </Map>
    <Map>
      <From key="IFTMBC/18///8-5" />
      <To key="T-IFTMBC/L-TDT_18/S-TDT_18/C-C222_18_08/E-8453_18_08.05" />
    </Map>
    <Map>
      <From key="IFTMBC/18///9" />
      <To key="T-IFTMBC/L-TDT_18/S-TDT_18/E-8281_18_09" />
    </Map>
    <Map>
      <From key="IFTMBC/19///1-1" />
      <To key="T-IFTMBC/L-TDT_18/S-DTM_19/C-C507_19_01/E-2005_19_01.01" />
    </Map>
    <Map>
      <From key="IFTMBC/19///1-2" />
      <To key="T-IFTMBC/L-TDT_18/S-DTM_19/C-C507_19_01/E-2380_19_01.02" />
    </Map>
    <Map>
      <From key="IFTMBC/19///1-3" />
      <To key="T-IFTMBC/L-TDT_18/S-DTM_19/C-C507_19_01/E-2379_19_01.03" />
    </Map>
    <Map>
      <From key="IFTMBC/20///1-1" />
      <To key="T-IFTMBC/L-TDT_18/S-TSR_20/C-C536_20_01/E-4065_20_01.01" />
    </Map>
    <Map>
      <From key="IFTMBC/20///1-2" />
      <To key="T-IFTMBC/L-TDT_18/S-TSR_20/C-C536_20_01/E-1131_20_01.02" />
    </Map>
    <Map>
      <From key="IFTMBC/20///1-3" />
      <To key="T-IFTMBC/L-TDT_18/S-TSR_20/C-C536_20_01/E-3055_20_01.03" />
    </Map>
    <Map>
      <From key="IFTMBC/20///2-1" />
      <To key="T-IFTMBC/L-TDT_18/S-TSR_20/C-C233_20_02/E-7273_20_02.01" />
    </Map>
    <Map>
      <From key="IFTMBC/20///2-2" />
      <To key="T-IFTMBC/L-TDT_18/S-TSR_20/C-C233_20_02/E-1131_20_02.02" />
    </Map>
    <Map>
      <From key="IFTMBC/20///2-3" />
      <To key="T-IFTMBC/L-TDT_18/S-TSR_20/C-C233_20_02/E-3055_20_02.03" />
    </Map>
    <Map>
      <From key="IFTMBC/20///2-4" />
      <To key="T-IFTMBC/L-TDT_18/S-TSR_20/C-C233_20_02/E-7273_20_02.04" />
    </Map>
    <Map>
      <From key="IFTMBC/20///2-5" />
      <To key="T-IFTMBC/L-TDT_18/S-TSR_20/C-C233_20_02/E-1131_20_02.05" />
    </Map>
    <Map>
      <From key="IFTMBC/20///2-6" />
      <To key="T-IFTMBC/L-TDT_18/S-TSR_20/C-C233_20_02/E-3055_20_02.06" />
    </Map>
    <Map>
      <From key="IFTMBC/20///3-1" />
      <To key="T-IFTMBC/L-TDT_18/S-TSR_20/C-C537_20_03/E-4219_20_03.01" />
    </Map>
    <Map>
      <From key="IFTMBC/20///3-2" />
      <To key="T-IFTMBC/L-TDT_18/S-TSR_20/C-C537_20_03/E-1131_20_03.02" />
    </Map>
    <Map>
      <From key="IFTMBC/20///3-3" />
      <To key="T-IFTMBC/L-TDT_18/S-TSR_20/C-C537_20_03/E-3055_20_03.03" />
    </Map>
    <Map>
      <From key="IFTMBC/20///4-1" />
      <To key="T-IFTMBC/L-TDT_18/S-TSR_20/C-C703_20_04/E-7085_20_04.01" />
    </Map>
    <Map>
      <From key="IFTMBC/20///4-2" />
      <To key="T-IFTMBC/L-TDT_18/S-TSR_20/C-C703_20_04/E-1131_20_04.02" />
    </Map>
    <Map>
      <From key="IFTMBC/20///4-3" />
      <To key="T-IFTMBC/L-TDT_18/S-TSR_20/C-C703_20_04/E-3055_20_04.03" />
    </Map>
    <Map>
      <From key="IFTMBC/22///1" />
      <To key="T-IFTMBC/L-TDT_18/L-LOC_22/S-LOC_22/E-3227_22_01" />
    </Map>
    <Map>
      <From key="IFTMBC/22///2-1" />
      <To key="T-IFTMBC/L-TDT_18/L-LOC_22/S-LOC_22/C-C517_22_02/E-3225_22_02.01" />
    </Map>
    <Map>
      <From key="IFTMBC/22///2-2" />
      <To key="T-IFTMBC/L-TDT_18/L-LOC_22/S-LOC_22/C-C517_22_02/E-1131_22_02.02" />
    </Map>
    <Map>
      <From key="IFTMBC/22///2-3" />
      <To key="T-IFTMBC/L-TDT_18/L-LOC_22/S-LOC_22/C-C517_22_02/E-3055_22_02.03" />
    </Map>
    <Map>
      <From key="IFTMBC/22///2-4" />
      <To key="T-IFTMBC/L-TDT_18/L-LOC_22/S-LOC_22/C-C517_22_02/E-3224_22_02.04" />
    </Map>
    <Map>
      <From key="IFTMBC/22///3-1" />
      <To key="T-IFTMBC/L-TDT_18/L-LOC_22/S-LOC_22/C-C519_22_03/E-3223_22_03.01" />
    </Map>
    <Map>
      <From key="IFTMBC/22///3-2" />
      <To key="T-IFTMBC/L-TDT_18/L-LOC_22/S-LOC_22/C-C519_22_03/E-1131_22_03.02" />
    </Map>
    <Map>
      <From key="IFTMBC/22///3-3" />
      <To key="T-IFTMBC/L-TDT_18/L-LOC_22/S-LOC_22/C-C519_22_03/E-3055_22_03.03" />
    </Map>
    <Map>
      <From key="IFTMBC/22///3-4" />
      <To key="T-IFTMBC/L-TDT_18/L-LOC_22/S-LOC_22/C-C519_22_03/E-3222_22_03.04" />
    </Map>
    <Map>
      <From key="IFTMBC/22///4-1" />
      <To key="T-IFTMBC/L-TDT_18/L-LOC_22/S-LOC_22/C-C553_22_04/E-3233_22_04.01" />
    </Map>
    <Map>
      <From key="IFTMBC/22///4-2" />
      <To key="T-IFTMBC/L-TDT_18/L-LOC_22/S-LOC_22/C-C553_22_04/E-1131_22_04.02" />
    </Map>
    <Map>
      <From key="IFTMBC/22///4-3" />
      <To key="T-IFTMBC/L-TDT_18/L-LOC_22/S-LOC_22/C-C553_22_04/E-3055_22_04.03" />
    </Map>
    <Map>
      <From key="IFTMBC/22///4-4" />
      <To key="T-IFTMBC/L-TDT_18/L-LOC_22/S-LOC_22/C-C553_22_04/E-3232_22_04.04" />
    </Map>
    <Map>
      <From key="IFTMBC/22///5" />
      <To key="T-IFTMBC/L-TDT_18/L-LOC_22/S-LOC_22/E-5479_22_05" />
    </Map>
    <Map>
      <From key="IFTMBC/23///1-1" />
      <To key="T-IFTMBC/L-TDT_18/L-LOC_22/S-DTM_23/C-C507_23_01/E-2005_23_01.01" />
    </Map>
    <Map>
      <From key="IFTMBC/23///1-2" />
      <To key="T-IFTMBC/L-TDT_18/L-LOC_22/S-DTM_23/C-C507_23_01/E-2380_23_01.02" />
    </Map>
    <Map>
      <From key="IFTMBC/23///1-3" />
      <To key="T-IFTMBC/L-TDT_18/L-LOC_22/S-DTM_23/C-C507_23_01/E-2379_23_01.03" />
    </Map>
    <Map>
      <From key="IFTMBC/25///1-1" />
      <To key="T-IFTMBC/L-TDT_18/L-RFF_25/S-RFF_25/C-C506_25_01/E-1153_25_01.01" />
    </Map>
    <Map>
      <From key="IFTMBC/25///1-2" />
      <To key="T-IFTMBC/L-TDT_18/L-RFF_25/S-RFF_25/C-C506_25_01/E-1154_25_01.02" />
    </Map>
    <Map>
      <From key="IFTMBC/25///1-3" />
      <To key="T-IFTMBC/L-TDT_18/L-RFF_25/S-RFF_25/C-C506_25_01/E-1156_25_01.03" />
    </Map>
    <Map>
      <From key="IFTMBC/25///1-4" />
      <To key="T-IFTMBC/L-TDT_18/L-RFF_25/S-RFF_25/C-C506_25_01/E-4000_25_01.04" />
    </Map>
    <Map>
      <From key="IFTMBC/25///1-5" />
      <To key="T-IFTMBC/L-TDT_18/L-RFF_25/S-RFF_25/C-C506_25_01/E-1060_25_01.05" />
    </Map>
    <Map>
      <From key="IFTMBC/26///1-1" />
      <To key="T-IFTMBC/L-TDT_18/L-RFF_25/S-DTM_26/C-C507_26_01/E-2005_26_01.01" />
    </Map>
    <Map>
      <From key="IFTMBC/26///1-2" />
      <To key="T-IFTMBC/L-TDT_18/L-RFF_25/S-DTM_26/C-C507_26_01/E-2380_26_01.02" />
    </Map>
    <Map>
      <From key="IFTMBC/26///1-3" />
      <To key="T-IFTMBC/L-TDT_18/L-RFF_25/S-DTM_26/C-C507_26_01/E-2379_26_01.03" />
    </Map>
    <Map>
      <From key="IFTMBC/28///1" />
      <To key="T-IFTMBC/L-NAD_28/S-NAD_28/E-3035_28_01" />
    </Map>
    <Map>
      <From key="IFTMBC/28///2-1" />
      <To key="T-IFTMBC/L-NAD_28/S-NAD_28/C-C082_28_02/E-3039_28_02.01" />
    </Map>
    <Map>
      <From key="IFTMBC/28///2-2" />
      <To key="T-IFTMBC/L-NAD_28/S-NAD_28/C-C082_28_02/E-1131_28_02.02" />
    </Map>
    <Map>
      <From key="IFTMBC/28///2-3" />
      <To key="T-IFTMBC/L-NAD_28/S-NAD_28/C-C082_28_02/E-3055_28_02.03" />
    </Map>
    <Map>
      <From key="IFTMBC/28///3-1" />
      <To key="T-IFTMBC/L-NAD_28/S-NAD_28/C-C058_28_03/E-3124_28_03.01" />
    </Map>
    <Map>
      <From key="IFTMBC/28///3-2" />
      <To key="T-IFTMBC/L-NAD_28/S-NAD_28/C-C058_28_03/E-3124_28_03.02" />
    </Map>
    <Map>
      <From key="IFTMBC/28///3-3" />
      <To key="T-IFTMBC/L-NAD_28/S-NAD_28/C-C058_28_03/E-3124_28_03.03" />
    </Map>
    <Map>
      <From key="IFTMBC/28///3-4" />
      <To key="T-IFTMBC/L-NAD_28/S-NAD_28/C-C058_28_03/E-3124_28_03.04" />
    </Map>
    <Map>
      <From key="IFTMBC/28///3-5" />
      <To key="T-IFTMBC/L-NAD_28/S-NAD_28/C-C058_28_03/E-3124_28_03.05" />
    </Map>
    <Map>
      <From key="IFTMBC/28///4-1" />
      <To key="T-IFTMBC/L-NAD_28/S-NAD_28/C-C080_28_04/E-3036_28_04.01" />
    </Map>
    <Map>
      <From key="IFTMBC/28///4-2" />
      <To key="T-IFTMBC/L-NAD_28/S-NAD_28/C-C080_28_04/E-3036_28_04.02" />
    </Map>
    <Map>
      <From key="IFTMBC/28///4-3" />
      <To key="T-IFTMBC/L-NAD_28/S-NAD_28/C-C080_28_04/E-3036_28_04.03" />
    </Map>
    <Map>
      <From key="IFTMBC/28///4-4" />
      <To key="T-IFTMBC/L-NAD_28/S-NAD_28/C-C080_28_04/E-3036_28_04.04" />
    </Map>
    <Map>
      <From key="IFTMBC/28///4-5" />
      <To key="T-IFTMBC/L-NAD_28/S-NAD_28/C-C080_28_04/E-3036_28_04.05" />
    </Map>
    <Map>
      <From key="IFTMBC/28///4-6" />
      <To key="T-IFTMBC/L-NAD_28/S-NAD_28/C-C080_28_04/E-3045_28_04.06" />
    </Map>
    <Map>
      <From key="IFTMBC/28///5-1" />
      <To key="T-IFTMBC/L-NAD_28/S-NAD_28/C-C059_28_05/E-3042_28_05.01" />
    </Map>
    <Map>
      <From key="IFTMBC/28///5-2" />
      <To key="T-IFTMBC/L-NAD_28/S-NAD_28/C-C059_28_05/E-3042_28_05.02" />
    </Map>
    <Map>
      <From key="IFTMBC/28///5-3" />
      <To key="T-IFTMBC/L-NAD_28/S-NAD_28/C-C059_28_05/E-3042_28_05.03" />
    </Map>
    <Map>
      <From key="IFTMBC/28///5-4" />
      <To key="T-IFTMBC/L-NAD_28/S-NAD_28/C-C059_28_05/E-3042_28_05.04" />
    </Map>
    <Map>
      <From key="IFTMBC/28///6" />
      <To key="T-IFTMBC/L-NAD_28/S-NAD_28/E-3164_28_06" />
    </Map>
    <Map>
      <From key="IFTMBC/28///7-1" />
      <To key="T-IFTMBC/L-NAD_28/S-NAD_28/C-C819_28_07/E-3229_28_07.01" />
    </Map>
    <Map>
      <From key="IFTMBC/28///7-2" />
      <To key="T-IFTMBC/L-NAD_28/S-NAD_28/C-C819_28_07/E-1131_28_07.02" />
    </Map>
    <Map>
      <From key="IFTMBC/28///7-3" />
      <To key="T-IFTMBC/L-NAD_28/S-NAD_28/C-C819_28_07/E-3055_28_07.03" />
    </Map>
    <Map>
      <From key="IFTMBC/28///7-4" />
      <To key="T-IFTMBC/L-NAD_28/S-NAD_28/C-C819_28_07/E-3228_28_07.04" />
    </Map>
    <Map>
      <From key="IFTMBC/28///8" />
      <To key="T-IFTMBC/L-NAD_28/S-NAD_28/E-3251_28_08" />
    </Map>
    <Map>
      <From key="IFTMBC/28///9" />
      <To key="T-IFTMBC/L-NAD_28/S-NAD_28/E-3207_28_09" />
    </Map>
    <Map>
      <From key="IFTMBC/29///1" />
      <To key="T-IFTMBC/L-NAD_28/S-LOC_29/E-3227_29_01" />
    </Map>
    <Map>
      <From key="IFTMBC/29///2-1" />
      <To key="T-IFTMBC/L-NAD_28/S-LOC_29/C-C517_29_02/E-3225_29_02.01" />
    </Map>
    <Map>
      <From key="IFTMBC/29///2-2" />
      <To key="T-IFTMBC/L-NAD_28/S-LOC_29/C-C517_29_02/E-1131_29_02.02" />
    </Map>
    <Map>
      <From key="IFTMBC/29///2-3" />
      <To key="T-IFTMBC/L-NAD_28/S-LOC_29/C-C517_29_02/E-3055_29_02.03" />
    </Map>
    <Map>
      <From key="IFTMBC/29///2-4" />
      <To key="T-IFTMBC/L-NAD_28/S-LOC_29/C-C517_29_02/E-3224_29_02.04" />
    </Map>
    <Map>
      <From key="IFTMBC/29///3-1" />
      <To key="T-IFTMBC/L-NAD_28/S-LOC_29/C-C519_29_03/E-3223_29_03.01" />
    </Map>
    <Map>
      <From key="IFTMBC/29///3-2" />
      <To key="T-IFTMBC/L-NAD_28/S-LOC_29/C-C519_29_03/E-1131_29_03.02" />
    </Map>
    <Map>
      <From key="IFTMBC/29///3-3" />
      <To key="T-IFTMBC/L-NAD_28/S-LOC_29/C-C519_29_03/E-3055_29_03.03" />
    </Map>
    <Map>
      <From key="IFTMBC/29///3-4" />
      <To key="T-IFTMBC/L-NAD_28/S-LOC_29/C-C519_29_03/E-3222_29_03.04" />
    </Map>
    <Map>
      <From key="IFTMBC/29///4-1" />
      <To key="T-IFTMBC/L-NAD_28/S-LOC_29/C-C553_29_04/E-3233_29_04.01" />
    </Map>
    <Map>
      <From key="IFTMBC/29///4-2" />
      <To key="T-IFTMBC/L-NAD_28/S-LOC_29/C-C553_29_04/E-1131_29_04.02" />
    </Map>
    <Map>
      <From key="IFTMBC/29///4-3" />
      <To key="T-IFTMBC/L-NAD_28/S-LOC_29/C-C553_29_04/E-3055_29_04.03" />
    </Map>
    <Map>
      <From key="IFTMBC/29///4-4" />
      <To key="T-IFTMBC/L-NAD_28/S-LOC_29/C-C553_29_04/E-3232_29_04.04" />
    </Map>
    <Map>
      <From key="IFTMBC/29///5" />
      <To key="T-IFTMBC/L-NAD_28/S-LOC_29/E-5479_29_05" />
    </Map>
    <Map>
      <From key="IFTMBC/31///1" />
      <To key="T-IFTMBC/L-NAD_28/L-CTA_31/S-CTA_31/E-3139_31_01" />
    </Map>
    <Map>
      <From key="IFTMBC/31///2-1" />
      <To key="T-IFTMBC/L-NAD_28/L-CTA_31/S-CTA_31/C-C056_31_02/E-3413_31_02.01" />
    </Map>
    <Map>
      <From key="IFTMBC/31///2-2" />
      <To key="T-IFTMBC/L-NAD_28/L-CTA_31/S-CTA_31/C-C056_31_02/E-3412_31_02.02" />
    </Map>
    <Map>
      <From key="IFTMBC/32///1-1" />
      <To key="T-IFTMBC/L-NAD_28/L-CTA_31/S-COM_32/C-C076_32_01/E-3148_32_01.01" />
    </Map>
    <Map>
      <From key="IFTMBC/32///1-2" />
      <To key="T-IFTMBC/L-NAD_28/L-CTA_31/S-COM_32/C-C076_32_01/E-3155_32_01.02" />
    </Map>
    <Map>
      <From key="IFTMBC/34///1-1" />
      <To key="T-IFTMBC/L-NAD_28/L-TSR_34/S-TSR_34/C-C536_34_01/E-4065_34_01.01" />
    </Map>
    <Map>
      <From key="IFTMBC/34///1-2" />
      <To key="T-IFTMBC/L-NAD_28/L-TSR_34/S-TSR_34/C-C536_34_01/E-1131_34_01.02" />
    </Map>
    <Map>
      <From key="IFTMBC/34///1-3" />
      <To key="T-IFTMBC/L-NAD_28/L-TSR_34/S-TSR_34/C-C536_34_01/E-3055_34_01.03" />
    </Map>
    <Map>
      <From key="IFTMBC/34///2-1" />
      <To key="T-IFTMBC/L-NAD_28/L-TSR_34/S-TSR_34/C-C233_34_02/E-7273_34_02.01" />
    </Map>
    <Map>
      <From key="IFTMBC/34///2-2" />
      <To key="T-IFTMBC/L-NAD_28/L-TSR_34/S-TSR_34/C-C233_34_02/E-1131_34_02.02" />
    </Map>
    <Map>
      <From key="IFTMBC/34///2-3" />
      <To key="T-IFTMBC/L-NAD_28/L-TSR_34/S-TSR_34/C-C233_34_02/E-3055_34_02.03" />
    </Map>
    <Map>
      <From key="IFTMBC/34///2-4" />
      <To key="T-IFTMBC/L-NAD_28/L-TSR_34/S-TSR_34/C-C233_34_02/E-7273_34_02.04" />
    </Map>
    <Map>
      <From key="IFTMBC/34///2-5" />
      <To key="T-IFTMBC/L-NAD_28/L-TSR_34/S-TSR_34/C-C233_34_02/E-1131_34_02.05" />
    </Map>
    <Map>
      <From key="IFTMBC/34///2-6" />
      <To key="T-IFTMBC/L-NAD_28/L-TSR_34/S-TSR_34/C-C233_34_02/E-3055_34_02.06" />
    </Map>
    <Map>
      <From key="IFTMBC/34///3-1" />
      <To key="T-IFTMBC/L-NAD_28/L-TSR_34/S-TSR_34/C-C537_34_03/E-4219_34_03.01" />
    </Map>
    <Map>
      <From key="IFTMBC/34///3-2" />
      <To key="T-IFTMBC/L-NAD_28/L-TSR_34/S-TSR_34/C-C537_34_03/E-1131_34_03.02" />
    </Map>
    <Map>
      <From key="IFTMBC/34///3-3" />
      <To key="T-IFTMBC/L-NAD_28/L-TSR_34/S-TSR_34/C-C537_34_03/E-3055_34_03.03" />
    </Map>
    <Map>
      <From key="IFTMBC/34///4-1" />
      <To key="T-IFTMBC/L-NAD_28/L-TSR_34/S-TSR_34/C-C703_34_04/E-7085_34_04.01" />
    </Map>
    <Map>
      <From key="IFTMBC/34///4-2" />
      <To key="T-IFTMBC/L-NAD_28/L-TSR_34/S-TSR_34/C-C703_34_04/E-1131_34_04.02" />
    </Map>
    <Map>
      <From key="IFTMBC/34///4-3" />
      <To key="T-IFTMBC/L-NAD_28/L-TSR_34/S-TSR_34/C-C703_34_04/E-3055_34_04.03" />
    </Map>
    <Map>
      <From key="IFTMBC/35///1-1" />
      <To key="T-IFTMBC/L-NAD_28/L-TSR_34/S-RFF_35/C-C506_35_01/E-1153_35_01.01" />
    </Map>
    <Map>
      <From key="IFTMBC/35///1-2" />
      <To key="T-IFTMBC/L-NAD_28/L-TSR_34/S-RFF_35/C-C506_35_01/E-1154_35_01.02" />
    </Map>
    <Map>
      <From key="IFTMBC/35///1-3" />
      <To key="T-IFTMBC/L-NAD_28/L-TSR_34/S-RFF_35/C-C506_35_01/E-1156_35_01.03" />
    </Map>
    <Map>
      <From key="IFTMBC/35///1-4" />
      <To key="T-IFTMBC/L-NAD_28/L-TSR_34/S-RFF_35/C-C506_35_01/E-4000_35_01.04" />
    </Map>
    <Map>
      <From key="IFTMBC/35///1-5" />
      <To key="T-IFTMBC/L-NAD_28/L-TSR_34/S-RFF_35/C-C506_35_01/E-1060_35_01.05" />
    </Map>
    <Map>
      <From key="IFTMBC/36///1" />
      <To key="T-IFTMBC/L-NAD_28/L-TSR_34/S-LOC_36/E-3227_36_01" />
    </Map>
    <Map>
      <From key="IFTMBC/36///2-1" />
      <To key="T-IFTMBC/L-NAD_28/L-TSR_34/S-LOC_36/C-C517_36_02/E-3225_36_02.01" />
    </Map>
    <Map>
      <From key="IFTMBC/36///2-2" />
      <To key="T-IFTMBC/L-NAD_28/L-TSR_34/S-LOC_36/C-C517_36_02/E-1131_36_02.02" />
    </Map>
    <Map>
      <From key="IFTMBC/36///2-3" />
      <To key="T-IFTMBC/L-NAD_28/L-TSR_34/S-LOC_36/C-C517_36_02/E-3055_36_02.03" />
    </Map>
    <Map>
      <From key="IFTMBC/36///2-4" />
      <To key="T-IFTMBC/L-NAD_28/L-TSR_34/S-LOC_36/C-C517_36_02/E-3224_36_02.04" />
    </Map>
    <Map>
      <From key="IFTMBC/36///3-1" />
      <To key="T-IFTMBC/L-NAD_28/L-TSR_34/S-LOC_36/C-C519_36_03/E-3223_36_03.01" />
    </Map>
    <Map>
      <From key="IFTMBC/36///3-2" />
      <To key="T-IFTMBC/L-NAD_28/L-TSR_34/S-LOC_36/C-C519_36_03/E-1131_36_03.02" />
    </Map>
    <Map>
      <From key="IFTMBC/36///3-3" />
      <To key="T-IFTMBC/L-NAD_28/L-TSR_34/S-LOC_36/C-C519_36_03/E-3055_36_03.03" />
    </Map>
    <Map>
      <From key="IFTMBC/36///3-4" />
      <To key="T-IFTMBC/L-NAD_28/L-TSR_34/S-LOC_36/C-C519_36_03/E-3222_36_03.04" />
    </Map>
    <Map>
      <From key="IFTMBC/36///4-1" />
      <To key="T-IFTMBC/L-NAD_28/L-TSR_34/S-LOC_36/C-C553_36_04/E-3233_36_04.01" />
    </Map>
    <Map>
      <From key="IFTMBC/36///4-2" />
      <To key="T-IFTMBC/L-NAD_28/L-TSR_34/S-LOC_36/C-C553_36_04/E-1131_36_04.02" />
    </Map>
    <Map>
      <From key="IFTMBC/36///4-3" />
      <To key="T-IFTMBC/L-NAD_28/L-TSR_34/S-LOC_36/C-C553_36_04/E-3055_36_04.03" />
    </Map>
    <Map>
      <From key="IFTMBC/36///4-4" />
      <To key="T-IFTMBC/L-NAD_28/L-TSR_34/S-LOC_36/C-C553_36_04/E-3232_36_04.04" />
    </Map>
    <Map>
      <From key="IFTMBC/36///5" />
      <To key="T-IFTMBC/L-NAD_28/L-TSR_34/S-LOC_36/E-5479_36_05" />
    </Map>
    <Map>
      <From key="IFTMBC/37///1-1" />
      <To key="T-IFTMBC/L-NAD_28/L-TSR_34/S-TPL_37/C-C222_37_01/E-8213_37_01.01" />
    </Map>
    <Map>
      <From key="IFTMBC/37///1-2" />
      <To key="T-IFTMBC/L-NAD_28/L-TSR_34/S-TPL_37/C-C222_37_01/E-1131_37_01.02" />
    </Map>
    <Map>
      <From key="IFTMBC/37///1-3" />
      <To key="T-IFTMBC/L-NAD_28/L-TSR_34/S-TPL_37/C-C222_37_01/E-3055_37_01.03" />
    </Map>
    <Map>
      <From key="IFTMBC/37///1-4" />
      <To key="T-IFTMBC/L-NAD_28/L-TSR_34/S-TPL_37/C-C222_37_01/E-8212_37_01.04" />
    </Map>
    <Map>
      <From key="IFTMBC/37///1-5" />
      <To key="T-IFTMBC/L-NAD_28/L-TSR_34/S-TPL_37/C-C222_37_01/E-8453_37_01.05" />
    </Map>
    <Map>
      <From key="IFTMBC/38///1" />
      <To key="T-IFTMBC/L-NAD_28/L-TSR_34/S-FTX_38/E-4451_38_01" />
    </Map>
    <Map>
      <From key="IFTMBC/38///2" />
      <To key="T-IFTMBC/L-NAD_28/L-TSR_34/S-FTX_38/E-4453_38_02" />
    </Map>
    <Map>
      <From key="IFTMBC/38///3-1" />
      <To key="T-IFTMBC/L-NAD_28/L-TSR_34/S-FTX_38/C-C107_38_03/E-4441_38_03.01" />
    </Map>
    <Map>
      <From key="IFTMBC/38///3-2" />
      <To key="T-IFTMBC/L-NAD_28/L-TSR_34/S-FTX_38/C-C107_38_03/E-1131_38_03.02" />
    </Map>
    <Map>
      <From key="IFTMBC/38///3-3" />
      <To key="T-IFTMBC/L-NAD_28/L-TSR_34/S-FTX_38/C-C107_38_03/E-3055_38_03.03" />
    </Map>
    <Map>
      <From key="IFTMBC/38///4-1" />
      <To key="T-IFTMBC/L-NAD_28/L-TSR_34/S-FTX_38/C-C108_38_04/E-4440_38_04.01" />
    </Map>
    <Map>
      <From key="IFTMBC/38///4-2" />
      <To key="T-IFTMBC/L-NAD_28/L-TSR_34/S-FTX_38/C-C108_38_04/E-4440_38_04.02" />
    </Map>
    <Map>
      <From key="IFTMBC/38///4-3" />
      <To key="T-IFTMBC/L-NAD_28/L-TSR_34/S-FTX_38/C-C108_38_04/E-4440_38_04.03" />
    </Map>
    <Map>
      <From key="IFTMBC/38///4-4" />
      <To key="T-IFTMBC/L-NAD_28/L-TSR_34/S-FTX_38/C-C108_38_04/E-4440_38_04.04" />
    </Map>
    <Map>
      <From key="IFTMBC/38///4-5" />
      <To key="T-IFTMBC/L-NAD_28/L-TSR_34/S-FTX_38/C-C108_38_04/E-4440_38_04.05" />
    </Map>
    <Map>
      <From key="IFTMBC/38///5" />
      <To key="T-IFTMBC/L-NAD_28/L-TSR_34/S-FTX_38/E-3453_38_05" />
    </Map>
    <Map>
      <From key="IFTMBC/38///6" />
      <To key="T-IFTMBC/L-NAD_28/L-TSR_34/S-FTX_38/E-4447_38_06" />
    </Map>
    <Map>
      <From key="IFTMBC/40///1" />
      <To key="T-IFTMBC/L-GID_40/S-GID_40/E-1496_40_01" />
    </Map>
    <Map>
      <From key="IFTMBC/40///2-1" />
      <To key="T-IFTMBC/L-GID_40/S-GID_40/C-C213_40_02/E-7224_40_02.01" />
    </Map>
    <Map>
      <From key="IFTMBC/40///2-2" />
      <To key="T-IFTMBC/L-GID_40/S-GID_40/C-C213_40_02/E-7065_40_02.02" />
    </Map>
    <Map>
      <From key="IFTMBC/40///2-3" />
      <To key="T-IFTMBC/L-GID_40/S-GID_40/C-C213_40_02/E-1131_40_02.03" />
    </Map>
    <Map>
      <From key="IFTMBC/40///2-4" />
      <To key="T-IFTMBC/L-GID_40/S-GID_40/C-C213_40_02/E-3055_40_02.04" />
    </Map>
    <Map>
      <From key="IFTMBC/40///2-5" />
      <To key="T-IFTMBC/L-GID_40/S-GID_40/C-C213_40_02/E-7064_40_02.05" />
    </Map>
    <Map>
      <From key="IFTMBC/40///2-6" />
      <To key="T-IFTMBC/L-GID_40/S-GID_40/C-C213_40_02/E-7233_40_02.06" />
    </Map>
    <Map>
      <From key="IFTMBC/40///3-1" />
      <To key="T-IFTMBC/L-GID_40/S-GID_40/C-C213_40_03/E-7224_40_03.01" />
    </Map>
    <Map>
      <From key="IFTMBC/40///3-2" />
      <To key="T-IFTMBC/L-GID_40/S-GID_40/C-C213_40_03/E-7065_40_03.02" />
    </Map>
    <Map>
      <From key="IFTMBC/40///3-3" />
      <To key="T-IFTMBC/L-GID_40/S-GID_40/C-C213_40_03/E-1131_40_03.03" />
    </Map>
    <Map>
      <From key="IFTMBC/40///3-4" />
      <To key="T-IFTMBC/L-GID_40/S-GID_40/C-C213_40_03/E-3055_40_03.04" />
    </Map>
    <Map>
      <From key="IFTMBC/40///3-5" />
      <To key="T-IFTMBC/L-GID_40/S-GID_40/C-C213_40_03/E-7064_40_03.05" />
    </Map>
    <Map>
      <From key="IFTMBC/40///3-6" />
      <To key="T-IFTMBC/L-GID_40/S-GID_40/C-C213_40_03/E-7233_40_03.06" />
    </Map>
    <Map>
      <From key="IFTMBC/40///4-1" />
      <To key="T-IFTMBC/L-GID_40/S-GID_40/C-C213_40_04/E-7224_40_04.01" />
    </Map>
    <Map>
      <From key="IFTMBC/40///4-2" />
      <To key="T-IFTMBC/L-GID_40/S-GID_40/C-C213_40_04/E-7065_40_04.02" />
    </Map>
    <Map>
      <From key="IFTMBC/40///4-3" />
      <To key="T-IFTMBC/L-GID_40/S-GID_40/C-C213_40_04/E-1131_40_04.03" />
    </Map>
    <Map>
      <From key="IFTMBC/40///4-4" />
      <To key="T-IFTMBC/L-GID_40/S-GID_40/C-C213_40_04/E-3055_40_04.04" />
    </Map>
    <Map>
      <From key="IFTMBC/40///4-5" />
      <To key="T-IFTMBC/L-GID_40/S-GID_40/C-C213_40_04/E-7064_40_04.05" />
    </Map>
    <Map>
      <From key="IFTMBC/40///4-6" />
      <To key="T-IFTMBC/L-GID_40/S-GID_40/C-C213_40_04/E-7233_40_04.06" />
    </Map>
    <Map>
      <From key="IFTMBC/40///5-1" />
      <To key="T-IFTMBC/L-GID_40/S-GID_40/C-C213_40_05/E-7224_40_05.01" />
    </Map>
    <Map>
      <From key="IFTMBC/40///5-2" />
      <To key="T-IFTMBC/L-GID_40/S-GID_40/C-C213_40_05/E-7065_40_05.02" />
    </Map>
    <Map>
      <From key="IFTMBC/40///5-3" />
      <To key="T-IFTMBC/L-GID_40/S-GID_40/C-C213_40_05/E-1131_40_05.03" />
    </Map>
    <Map>
      <From key="IFTMBC/40///5-4" />
      <To key="T-IFTMBC/L-GID_40/S-GID_40/C-C213_40_05/E-3055_40_05.04" />
    </Map>
    <Map>
      <From key="IFTMBC/40///5-5" />
      <To key="T-IFTMBC/L-GID_40/S-GID_40/C-C213_40_05/E-7064_40_05.05" />
    </Map>
    <Map>
      <From key="IFTMBC/40///5-6" />
      <To key="T-IFTMBC/L-GID_40/S-GID_40/C-C213_40_05/E-7233_40_05.06" />
    </Map>
    <Map>
      <From key="IFTMBC/40///6-1" />
      <To key="T-IFTMBC/L-GID_40/S-GID_40/C-C213_40_06/E-7224_40_06.01" />
    </Map>
    <Map>
      <From key="IFTMBC/40///6-2" />
      <To key="T-IFTMBC/L-GID_40/S-GID_40/C-C213_40_06/E-7065_40_06.02" />
    </Map>
    <Map>
      <From key="IFTMBC/40///6-3" />
      <To key="T-IFTMBC/L-GID_40/S-GID_40/C-C213_40_06/E-1131_40_06.03" />
    </Map>
    <Map>
      <From key="IFTMBC/40///6-4" />
      <To key="T-IFTMBC/L-GID_40/S-GID_40/C-C213_40_06/E-3055_40_06.04" />
    </Map>
    <Map>
      <From key="IFTMBC/40///6-5" />
      <To key="T-IFTMBC/L-GID_40/S-GID_40/C-C213_40_06/E-7064_40_06.05" />
    </Map>
    <Map>
      <From key="IFTMBC/40///6-6" />
      <To key="T-IFTMBC/L-GID_40/S-GID_40/C-C213_40_06/E-7233_40_06.06" />
    </Map>
    <Map>
      <From key="IFTMBC/41///1-1" />
      <To key="T-IFTMBC/L-GID_40/S-HAN_41/C-C524_41_01/E-4079_41_01.01" />
    </Map>
    <Map>
      <From key="IFTMBC/41///1-2" />
      <To key="T-IFTMBC/L-GID_40/S-HAN_41/C-C524_41_01/E-1131_41_01.02" />
    </Map>
    <Map>
      <From key="IFTMBC/41///1-3" />
      <To key="T-IFTMBC/L-GID_40/S-HAN_41/C-C524_41_01/E-3055_41_01.03" />
    </Map>
    <Map>
      <From key="IFTMBC/41///1-4" />
      <To key="T-IFTMBC/L-GID_40/S-HAN_41/C-C524_41_01/E-4078_41_01.04" />
    </Map>
    <Map>
      <From key="IFTMBC/41///2-1" />
      <To key="T-IFTMBC/L-GID_40/S-HAN_41/C-C218_41_02/E-7419_41_02.01" />
    </Map>
    <Map>
      <From key="IFTMBC/41///2-2" />
      <To key="T-IFTMBC/L-GID_40/S-HAN_41/C-C218_41_02/E-1131_41_02.02" />
    </Map>
    <Map>
      <From key="IFTMBC/41///2-3" />
      <To key="T-IFTMBC/L-GID_40/S-HAN_41/C-C218_41_02/E-3055_41_02.03" />
    </Map>
    <Map>
      <From key="IFTMBC/41///2-4" />
      <To key="T-IFTMBC/L-GID_40/S-HAN_41/C-C218_41_02/E-7418_41_02.04" />
    </Map>
    <Map>
      <From key="IFTMBC/42///1" />
      <To key="T-IFTMBC/L-GID_40/S-TMP_42/E-6245_42_01" />
    </Map>
    <Map>
      <From key="IFTMBC/42///2-1" />
      <To key="T-IFTMBC/L-GID_40/S-TMP_42/C-C239_42_02/E-6246_42_02.01" />
    </Map>
    <Map>
      <From key="IFTMBC/42///2-2" />
      <To key="T-IFTMBC/L-GID_40/S-TMP_42/C-C239_42_02/E-6411_42_02.02" />
    </Map>
    <Map>
      <From key="IFTMBC/43///1" />
      <To key="T-IFTMBC/L-GID_40/S-RNG_43/E-6167_43_01" />
    </Map>
    <Map>
      <From key="IFTMBC/43///2-1" />
      <To key="T-IFTMBC/L-GID_40/S-RNG_43/C-C280_43_02/E-6411_43_02.01" />
    </Map>
    <Map>
      <From key="IFTMBC/43///2-2" />
      <To key="T-IFTMBC/L-GID_40/S-RNG_43/C-C280_43_02/E-6162_43_02.02" />
    </Map>
    <Map>
      <From key="IFTMBC/43///2-3" />
      <To key="T-IFTMBC/L-GID_40/S-RNG_43/C-C280_43_02/E-6152_43_02.03" />
    </Map>
    <Map>
      <From key="IFTMBC/44///1-1" />
      <To key="T-IFTMBC/L-GID_40/S-TMD_44/C-C219_44_01/E-8335_44_01.01" />
    </Map>
    <Map>
      <From key="IFTMBC/44///1-2" />
      <To key="T-IFTMBC/L-GID_40/S-TMD_44/C-C219_44_01/E-8334_44_01.02" />
    </Map>
    <Map>
      <From key="IFTMBC/44///2" />
      <To key="T-IFTMBC/L-GID_40/S-TMD_44/E-8332_44_02" />
    </Map>
    <Map>
      <From key="IFTMBC/44///3" />
      <To key="T-IFTMBC/L-GID_40/S-TMD_44/E-8341_44_03" />
    </Map>
    <Map>
      <From key="IFTMBC/45///1" />
      <To key="T-IFTMBC/L-GID_40/S-LOC_45/E-3227_45_01" />
    </Map>
    <Map>
      <From key="IFTMBC/45///2-1" />
      <To key="T-IFTMBC/L-GID_40/S-LOC_45/C-C517_45_02/E-3225_45_02.01" />
    </Map>
    <Map>
      <From key="IFTMBC/45///2-2" />
      <To key="T-IFTMBC/L-GID_40/S-LOC_45/C-C517_45_02/E-1131_45_02.02" />
    </Map>
    <Map>
      <From key="IFTMBC/45///2-3" />
      <To key="T-IFTMBC/L-GID_40/S-LOC_45/C-C517_45_02/E-3055_45_02.03" />
    </Map>
    <Map>
      <From key="IFTMBC/45///2-4" />
      <To key="T-IFTMBC/L-GID_40/S-LOC_45/C-C517_45_02/E-3224_45_02.04" />
    </Map>
    <Map>
      <From key="IFTMBC/45///3-1" />
      <To key="T-IFTMBC/L-GID_40/S-LOC_45/C-C519_45_03/E-3223_45_03.01" />
    </Map>
    <Map>
      <From key="IFTMBC/45///3-2" />
      <To key="T-IFTMBC/L-GID_40/S-LOC_45/C-C519_45_03/E-1131_45_03.02" />
    </Map>
    <Map>
      <From key="IFTMBC/45///3-3" />
      <To key="T-IFTMBC/L-GID_40/S-LOC_45/C-C519_45_03/E-3055_45_03.03" />
    </Map>
    <Map>
      <From key="IFTMBC/45///3-4" />
      <To key="T-IFTMBC/L-GID_40/S-LOC_45/C-C519_45_03/E-3222_45_03.04" />
    </Map>
    <Map>
      <From key="IFTMBC/45///4-1" />
      <To key="T-IFTMBC/L-GID_40/S-LOC_45/C-C553_45_04/E-3233_45_04.01" />
    </Map>
    <Map>
      <From key="IFTMBC/45///4-2" />
      <To key="T-IFTMBC/L-GID_40/S-LOC_45/C-C553_45_04/E-1131_45_04.02" />
    </Map>
    <Map>
      <From key="IFTMBC/45///4-3" />
      <To key="T-IFTMBC/L-GID_40/S-LOC_45/C-C553_45_04/E-3055_45_04.03" />
    </Map>
    <Map>
      <From key="IFTMBC/45///4-4" />
      <To key="T-IFTMBC/L-GID_40/S-LOC_45/C-C553_45_04/E-3232_45_04.04" />
    </Map>
    <Map>
      <From key="IFTMBC/45///5" />
      <To key="T-IFTMBC/L-GID_40/S-LOC_45/E-5479_45_05" />
    </Map>
    <Map>
      <From key="IFTMBC/46///1" />
      <To key="T-IFTMBC/L-GID_40/S-FTX_46/E-4451_46_01" />
    </Map>
    <Map>
      <From key="IFTMBC/46///2" />
      <To key="T-IFTMBC/L-GID_40/S-FTX_46/E-4453_46_02" />
    </Map>
    <Map>
      <From key="IFTMBC/46///3-1" />
      <To key="T-IFTMBC/L-GID_40/S-FTX_46/C-C107_46_03/E-4441_46_03.01" />
    </Map>
    <Map>
      <From key="IFTMBC/46///3-2" />
      <To key="T-IFTMBC/L-GID_40/S-FTX_46/C-C107_46_03/E-1131_46_03.02" />
    </Map>
    <Map>
      <From key="IFTMBC/46///3-3" />
      <To key="T-IFTMBC/L-GID_40/S-FTX_46/C-C107_46_03/E-3055_46_03.03" />
    </Map>
    <Map>
      <From key="IFTMBC/46///4-1" />
      <To key="T-IFTMBC/L-GID_40/S-FTX_46/C-C108_46_04/E-4440_46_04.01" />
    </Map>
    <Map>
      <From key="IFTMBC/46///4-2" />
      <To key="T-IFTMBC/L-GID_40/S-FTX_46/C-C108_46_04/E-4440_46_04.02" />
    </Map>
    <Map>
      <From key="IFTMBC/46///4-3" />
      <To key="T-IFTMBC/L-GID_40/S-FTX_46/C-C108_46_04/E-4440_46_04.03" />
    </Map>
    <Map>
      <From key="IFTMBC/46///4-4" />
      <To key="T-IFTMBC/L-GID_40/S-FTX_46/C-C108_46_04/E-4440_46_04.04" />
    </Map>
    <Map>
      <From key="IFTMBC/46///4-5" />
      <To key="T-IFTMBC/L-GID_40/S-FTX_46/C-C108_46_04/E-4440_46_04.05" />
    </Map>
    <Map>
      <From key="IFTMBC/46///5" />
      <To key="T-IFTMBC/L-GID_40/S-FTX_46/E-3453_46_05" />
    </Map>
    <Map>
      <From key="IFTMBC/46///6" />
      <To key="T-IFTMBC/L-GID_40/S-FTX_46/E-4447_46_06" />
    </Map>
    <Map>
      <From key="IFTMBC/47///1-1" />
      <To key="T-IFTMBC/L-GID_40/S-PCD_47/C-C501_47_01/E-5245_47_01.01" />
    </Map>
    <Map>
      <From key="IFTMBC/47///1-2" />
      <To key="T-IFTMBC/L-GID_40/S-PCD_47/C-C501_47_01/E-5482_47_01.02" />
    </Map>
    <Map>
      <From key="IFTMBC/47///1-3" />
      <To key="T-IFTMBC/L-GID_40/S-PCD_47/C-C501_47_01/E-5249_47_01.03" />
    </Map>
    <Map>
      <From key="IFTMBC/47///1-4" />
      <To key="T-IFTMBC/L-GID_40/S-PCD_47/C-C501_47_01/E-1131_47_01.04" />
    </Map>
    <Map>
      <From key="IFTMBC/47///1-5" />
      <To key="T-IFTMBC/L-GID_40/S-PCD_47/C-C501_47_01/E-3055_47_01.05" />
    </Map>
    <Map>
      <From key="IFTMBC/47///2" />
      <To key="T-IFTMBC/L-GID_40/S-PCD_47/E-4405_47_02" />
    </Map>
    <Map>
      <From key="IFTMBC/49///1" />
      <To key="T-IFTMBC/L-GID_40/L-NAD_49/S-NAD_49/E-3035_49_01" />
    </Map>
    <Map>
      <From key="IFTMBC/49///2-1" />
      <To key="T-IFTMBC/L-GID_40/L-NAD_49/S-NAD_49/C-C082_49_02/E-3039_49_02.01" />
    </Map>
    <Map>
      <From key="IFTMBC/49///2-2" />
      <To key="T-IFTMBC/L-GID_40/L-NAD_49/S-NAD_49/C-C082_49_02/E-1131_49_02.02" />
    </Map>
    <Map>
      <From key="IFTMBC/49///2-3" />
      <To key="T-IFTMBC/L-GID_40/L-NAD_49/S-NAD_49/C-C082_49_02/E-3055_49_02.03" />
    </Map>
    <Map>
      <From key="IFTMBC/49///3-1" />
      <To key="T-IFTMBC/L-GID_40/L-NAD_49/S-NAD_49/C-C058_49_03/E-3124_49_03.01" />
    </Map>
    <Map>
      <From key="IFTMBC/49///3-2" />
      <To key="T-IFTMBC/L-GID_40/L-NAD_49/S-NAD_49/C-C058_49_03/E-3124_49_03.02" />
    </Map>
    <Map>
      <From key="IFTMBC/49///3-3" />
      <To key="T-IFTMBC/L-GID_40/L-NAD_49/S-NAD_49/C-C058_49_03/E-3124_49_03.03" />
    </Map>
    <Map>
      <From key="IFTMBC/49///3-4" />
      <To key="T-IFTMBC/L-GID_40/L-NAD_49/S-NAD_49/C-C058_49_03/E-3124_49_03.04" />
    </Map>
    <Map>
      <From key="IFTMBC/49///3-5" />
      <To key="T-IFTMBC/L-GID_40/L-NAD_49/S-NAD_49/C-C058_49_03/E-3124_49_03.05" />
    </Map>
    <Map>
      <From key="IFTMBC/49///4-1" />
      <To key="T-IFTMBC/L-GID_40/L-NAD_49/S-NAD_49/C-C080_49_04/E-3036_49_04.01" />
    </Map>
    <Map>
      <From key="IFTMBC/49///4-2" />
      <To key="T-IFTMBC/L-GID_40/L-NAD_49/S-NAD_49/C-C080_49_04/E-3036_49_04.02" />
    </Map>
    <Map>
      <From key="IFTMBC/49///4-3" />
      <To key="T-IFTMBC/L-GID_40/L-NAD_49/S-NAD_49/C-C080_49_04/E-3036_49_04.03" />
    </Map>
    <Map>
      <From key="IFTMBC/49///4-4" />
      <To key="T-IFTMBC/L-GID_40/L-NAD_49/S-NAD_49/C-C080_49_04/E-3036_49_04.04" />
    </Map>
    <Map>
      <From key="IFTMBC/49///4-5" />
      <To key="T-IFTMBC/L-GID_40/L-NAD_49/S-NAD_49/C-C080_49_04/E-3036_49_04.05" />
    </Map>
    <Map>
      <From key="IFTMBC/49///4-6" />
      <To key="T-IFTMBC/L-GID_40/L-NAD_49/S-NAD_49/C-C080_49_04/E-3045_49_04.06" />
    </Map>
    <Map>
      <From key="IFTMBC/49///5-1" />
      <To key="T-IFTMBC/L-GID_40/L-NAD_49/S-NAD_49/C-C059_49_05/E-3042_49_05.01" />
    </Map>
    <Map>
      <From key="IFTMBC/49///5-2" />
      <To key="T-IFTMBC/L-GID_40/L-NAD_49/S-NAD_49/C-C059_49_05/E-3042_49_05.02" />
    </Map>
    <Map>
      <From key="IFTMBC/49///5-3" />
      <To key="T-IFTMBC/L-GID_40/L-NAD_49/S-NAD_49/C-C059_49_05/E-3042_49_05.03" />
    </Map>
    <Map>
      <From key="IFTMBC/49///5-4" />
      <To key="T-IFTMBC/L-GID_40/L-NAD_49/S-NAD_49/C-C059_49_05/E-3042_49_05.04" />
    </Map>
    <Map>
      <From key="IFTMBC/49///6" />
      <To key="T-IFTMBC/L-GID_40/L-NAD_49/S-NAD_49/E-3164_49_06" />
    </Map>
    <Map>
      <From key="IFTMBC/49///7-1" />
      <To key="T-IFTMBC/L-GID_40/L-NAD_49/S-NAD_49/C-C819_49_07/E-3229_49_07.01" />
    </Map>
    <Map>
      <From key="IFTMBC/49///7-2" />
      <To key="T-IFTMBC/L-GID_40/L-NAD_49/S-NAD_49/C-C819_49_07/E-1131_49_07.02" />
    </Map>
    <Map>
      <From key="IFTMBC/49///7-3" />
      <To key="T-IFTMBC/L-GID_40/L-NAD_49/S-NAD_49/C-C819_49_07/E-3055_49_07.03" />
    </Map>
    <Map>
      <From key="IFTMBC/49///7-4" />
      <To key="T-IFTMBC/L-GID_40/L-NAD_49/S-NAD_49/C-C819_49_07/E-3228_49_07.04" />
    </Map>
    <Map>
      <From key="IFTMBC/49///8" />
      <To key="T-IFTMBC/L-GID_40/L-NAD_49/S-NAD_49/E-3251_49_08" />
    </Map>
    <Map>
      <From key="IFTMBC/49///9" />
      <To key="T-IFTMBC/L-GID_40/L-NAD_49/S-NAD_49/E-3207_49_09" />
    </Map>
    <Map>
      <From key="IFTMBC/50///1-1" />
      <To key="T-IFTMBC/L-GID_40/L-NAD_49/S-DTM_50/C-C507_50_01/E-2005_50_01.01" />
    </Map>
    <Map>
      <From key="IFTMBC/50///1-2" />
      <To key="T-IFTMBC/L-GID_40/L-NAD_49/S-DTM_50/C-C507_50_01/E-2380_50_01.02" />
    </Map>
    <Map>
      <From key="IFTMBC/50///1-3" />
      <To key="T-IFTMBC/L-GID_40/L-NAD_49/S-DTM_50/C-C507_50_01/E-2379_50_01.03" />
    </Map>
    <Map>
      <From key="IFTMBC/51///1-1" />
      <To key="T-IFTMBC/L-GID_40/S-GDS_51/C-C703_51_01/E-7085_51_01.01" />
    </Map>
    <Map>
      <From key="IFTMBC/51///1-2" />
      <To key="T-IFTMBC/L-GID_40/S-GDS_51/C-C703_51_01/E-1131_51_01.02" />
    </Map>
    <Map>
      <From key="IFTMBC/51///1-3" />
      <To key="T-IFTMBC/L-GID_40/S-GDS_51/C-C703_51_01/E-3055_51_01.03" />
    </Map>
    <Map>
      <From key="IFTMBC/53///1" />
      <To key="T-IFTMBC/L-GID_40/L-MEA_53/S-MEA_53/E-6311_53_01" />
    </Map>
    <Map>
      <From key="IFTMBC/53///2-1" />
      <To key="T-IFTMBC/L-GID_40/L-MEA_53/S-MEA_53/C-C502_53_02/E-6313_53_02.01" />
    </Map>
    <Map>
      <From key="IFTMBC/53///2-2" />
      <To key="T-IFTMBC/L-GID_40/L-MEA_53/S-MEA_53/C-C502_53_02/E-6321_53_02.02" />
    </Map>
    <Map>
      <From key="IFTMBC/53///2-3" />
      <To key="T-IFTMBC/L-GID_40/L-MEA_53/S-MEA_53/C-C502_53_02/E-6155_53_02.03" />
    </Map>
    <Map>
      <From key="IFTMBC/53///2-4" />
      <To key="T-IFTMBC/L-GID_40/L-MEA_53/S-MEA_53/C-C502_53_02/E-6154_53_02.04" />
    </Map>
    <Map>
      <From key="IFTMBC/53///3-1" />
      <To key="T-IFTMBC/L-GID_40/L-MEA_53/S-MEA_53/C-C174_53_03/E-6411_53_03.01" />
    </Map>
    <Map>
      <From key="IFTMBC/53///3-2" />
      <To key="T-IFTMBC/L-GID_40/L-MEA_53/S-MEA_53/C-C174_53_03/E-6314_53_03.02" />
    </Map>
    <Map>
      <From key="IFTMBC/53///3-3" />
      <To key="T-IFTMBC/L-GID_40/L-MEA_53/S-MEA_53/C-C174_53_03/E-6162_53_03.03" />
    </Map>
    <Map>
      <From key="IFTMBC/53///3-4" />
      <To key="T-IFTMBC/L-GID_40/L-MEA_53/S-MEA_53/C-C174_53_03/E-6152_53_03.04" />
    </Map>
    <Map>
      <From key="IFTMBC/53///3-5" />
      <To key="T-IFTMBC/L-GID_40/L-MEA_53/S-MEA_53/C-C174_53_03/E-6432_53_03.05" />
    </Map>
    <Map>
      <From key="IFTMBC/53///4" />
      <To key="T-IFTMBC/L-GID_40/L-MEA_53/S-MEA_53/E-7383_53_04" />
    </Map>
    <Map>
      <From key="IFTMBC/54///1-1" />
      <To key="T-IFTMBC/L-GID_40/L-MEA_53/S-EQN_54/C-C523_54_01/E-6350_54_01.01" />
    </Map>
    <Map>
      <From key="IFTMBC/54///1-2" />
      <To key="T-IFTMBC/L-GID_40/L-MEA_53/S-EQN_54/C-C523_54_01/E-6353_54_01.02" />
    </Map>
    <Map>
      <From key="IFTMBC/56///1" />
      <To key="T-IFTMBC/L-GID_40/L-DIM_56/S-DIM_56/E-6145_56_01" />
    </Map>
    <Map>
      <From key="IFTMBC/56///2-1" />
      <To key="T-IFTMBC/L-GID_40/L-DIM_56/S-DIM_56/C-C211_56_02/E-6411_56_02.01" />
    </Map>
    <Map>
      <From key="IFTMBC/56///2-2" />
      <To key="T-IFTMBC/L-GID_40/L-DIM_56/S-DIM_56/C-C211_56_02/E-6168_56_02.02" />
    </Map>
    <Map>
      <From key="IFTMBC/56///2-3" />
      <To key="T-IFTMBC/L-GID_40/L-DIM_56/S-DIM_56/C-C211_56_02/E-6140_56_02.03" />
    </Map>
    <Map>
      <From key="IFTMBC/56///2-4" />
      <To key="T-IFTMBC/L-GID_40/L-DIM_56/S-DIM_56/C-C211_56_02/E-6008_56_02.04" />
    </Map>
    <Map>
      <From key="IFTMBC/57///1-1" />
      <To key="T-IFTMBC/L-GID_40/L-DIM_56/S-EQN_57/C-C523_57_01/E-6350_57_01.01" />
    </Map>
    <Map>
      <From key="IFTMBC/57///1-2" />
      <To key="T-IFTMBC/L-GID_40/L-DIM_56/S-EQN_57/C-C523_57_01/E-6353_57_01.02" />
    </Map>
    <Map>
      <From key="IFTMBC/59///1-1" />
      <To key="T-IFTMBC/L-GID_40/L-RFF_59/S-RFF_59/C-C506_59_01/E-1153_59_01.01" />
    </Map>
    <Map>
      <From key="IFTMBC/59///1-2" />
      <To key="T-IFTMBC/L-GID_40/L-RFF_59/S-RFF_59/C-C506_59_01/E-1154_59_01.02" />
    </Map>
    <Map>
      <From key="IFTMBC/59///1-3" />
      <To key="T-IFTMBC/L-GID_40/L-RFF_59/S-RFF_59/C-C506_59_01/E-1156_59_01.03" />
    </Map>
    <Map>
      <From key="IFTMBC/59///1-4" />
      <To key="T-IFTMBC/L-GID_40/L-RFF_59/S-RFF_59/C-C506_59_01/E-4000_59_01.04" />
    </Map>
    <Map>
      <From key="IFTMBC/59///1-5" />
      <To key="T-IFTMBC/L-GID_40/L-RFF_59/S-RFF_59/C-C506_59_01/E-1060_59_01.05" />
    </Map>
    <Map>
      <From key="IFTMBC/60///1-1" />
      <To key="T-IFTMBC/L-GID_40/L-RFF_59/S-DTM_60/C-C507_60_01/E-2005_60_01.01" />
    </Map>
    <Map>
      <From key="IFTMBC/60///1-2" />
      <To key="T-IFTMBC/L-GID_40/L-RFF_59/S-DTM_60/C-C507_60_01/E-2380_60_01.02" />
    </Map>
    <Map>
      <From key="IFTMBC/60///1-3" />
      <To key="T-IFTMBC/L-GID_40/L-RFF_59/S-DTM_60/C-C507_60_01/E-2379_60_01.03" />
    </Map>
    <Map>
      <From key="IFTMBC/62///1-1" />
      <To key="T-IFTMBC/L-GID_40/L-DOC_62/S-DOC_62/C-C002_62_01/E-1001_62_01.01" />
    </Map>
    <Map>
      <From key="IFTMBC/62///1-2" />
      <To key="T-IFTMBC/L-GID_40/L-DOC_62/S-DOC_62/C-C002_62_01/E-1131_62_01.02" />
    </Map>
    <Map>
      <From key="IFTMBC/62///1-3" />
      <To key="T-IFTMBC/L-GID_40/L-DOC_62/S-DOC_62/C-C002_62_01/E-3055_62_01.03" />
    </Map>
    <Map>
      <From key="IFTMBC/62///1-4" />
      <To key="T-IFTMBC/L-GID_40/L-DOC_62/S-DOC_62/C-C002_62_01/E-1000_62_01.04" />
    </Map>
    <Map>
      <From key="IFTMBC/62///2-1" />
      <To key="T-IFTMBC/L-GID_40/L-DOC_62/S-DOC_62/C-C503_62_02/E-1004_62_02.01" />
    </Map>
    <Map>
      <From key="IFTMBC/62///2-2" />
      <To key="T-IFTMBC/L-GID_40/L-DOC_62/S-DOC_62/C-C503_62_02/E-1373_62_02.02" />
    </Map>
    <Map>
      <From key="IFTMBC/62///2-3" />
      <To key="T-IFTMBC/L-GID_40/L-DOC_62/S-DOC_62/C-C503_62_02/E-1366_62_02.03" />
    </Map>
    <Map>
      <From key="IFTMBC/62///2-4" />
      <To key="T-IFTMBC/L-GID_40/L-DOC_62/S-DOC_62/C-C503_62_02/E-3453_62_02.04" />
    </Map>
    <Map>
      <From key="IFTMBC/62///2-5" />
      <To key="T-IFTMBC/L-GID_40/L-DOC_62/S-DOC_62/C-C503_62_02/E-1056_62_02.05" />
    </Map>
    <Map>
      <From key="IFTMBC/62///2-6" />
      <To key="T-IFTMBC/L-GID_40/L-DOC_62/S-DOC_62/C-C503_62_02/E-1060_62_02.06" />
    </Map>
    <Map>
      <From key="IFTMBC/62///3" />
      <To key="T-IFTMBC/L-GID_40/L-DOC_62/S-DOC_62/E-3153_62_03" />
    </Map>
    <Map>
      <From key="IFTMBC/62///4" />
      <To key="T-IFTMBC/L-GID_40/L-DOC_62/S-DOC_62/E-1220_62_04" />
    </Map>
    <Map>
      <From key="IFTMBC/62///5" />
      <To key="T-IFTMBC/L-GID_40/L-DOC_62/S-DOC_62/E-1218_62_05" />
    </Map>
    <Map>
      <From key="IFTMBC/63///1-1" />
      <To key="T-IFTMBC/L-GID_40/L-DOC_62/S-DTM_63/C-C507_63_01/E-2005_63_01.01" />
    </Map>
    <Map>
      <From key="IFTMBC/63///1-2" />
      <To key="T-IFTMBC/L-GID_40/L-DOC_62/S-DTM_63/C-C507_63_01/E-2380_63_01.02" />
    </Map>
    <Map>
      <From key="IFTMBC/63///1-3" />
      <To key="T-IFTMBC/L-GID_40/L-DOC_62/S-DTM_63/C-C507_63_01/E-2379_63_01.03" />
    </Map>
    <Map>
      <From key="IFTMBC/65///1" />
      <To key="T-IFTMBC/L-GID_40/L-DGS_65/S-DGS_65/E-8273_65_01" />
    </Map>
    <Map>
      <From key="IFTMBC/65///2-1" />
      <To key="T-IFTMBC/L-GID_40/L-DGS_65/S-DGS_65/C-C205_65_02/E-8351_65_02.01" />
    </Map>
    <Map>
      <From key="IFTMBC/65///2-2" />
      <To key="T-IFTMBC/L-GID_40/L-DGS_65/S-DGS_65/C-C205_65_02/E-8078_65_02.02" />
    </Map>
    <Map>
      <From key="IFTMBC/65///2-3" />
      <To key="T-IFTMBC/L-GID_40/L-DGS_65/S-DGS_65/C-C205_65_02/E-8092_65_02.03" />
    </Map>
    <Map>
      <From key="IFTMBC/65///3-1" />
      <To key="T-IFTMBC/L-GID_40/L-DGS_65/S-DGS_65/C-C234_65_03/E-7124_65_03.01" />
    </Map>
    <Map>
      <From key="IFTMBC/65///3-2" />
      <To key="T-IFTMBC/L-GID_40/L-DGS_65/S-DGS_65/C-C234_65_03/E-7088_65_03.02" />
    </Map>
    <Map>
      <From key="IFTMBC/65///4-1" />
      <To key="T-IFTMBC/L-GID_40/L-DGS_65/S-DGS_65/C-C223_65_04/E-7106_65_04.01" />
    </Map>
    <Map>
      <From key="IFTMBC/65///4-2" />
      <To key="T-IFTMBC/L-GID_40/L-DGS_65/S-DGS_65/C-C223_65_04/E-6411_65_04.02" />
    </Map>
    <Map>
      <From key="IFTMBC/65///5" />
      <To key="T-IFTMBC/L-GID_40/L-DGS_65/S-DGS_65/E-8339_65_05" />
    </Map>
    <Map>
      <From key="IFTMBC/65///6" />
      <To key="T-IFTMBC/L-GID_40/L-DGS_65/S-DGS_65/E-8364_65_06" />
    </Map>
    <Map>
      <From key="IFTMBC/65///7" />
      <To key="T-IFTMBC/L-GID_40/L-DGS_65/S-DGS_65/E-8410_65_07" />
    </Map>
    <Map>
      <From key="IFTMBC/65///8" />
      <To key="T-IFTMBC/L-GID_40/L-DGS_65/S-DGS_65/E-8126_65_08" />
    </Map>
    <Map>
      <From key="IFTMBC/65///9-1" />
      <To key="T-IFTMBC/L-GID_40/L-DGS_65/S-DGS_65/C-C235_65_09/E-8158_65_09.01" />
    </Map>
    <Map>
      <From key="IFTMBC/65///9-2" />
      <To key="T-IFTMBC/L-GID_40/L-DGS_65/S-DGS_65/C-C235_65_09/E-8186_65_09.02" />
    </Map>
    <Map>
      <From key="IFTMBC/65///10-1" />
      <To key="T-IFTMBC/L-GID_40/L-DGS_65/S-DGS_65/C-C236_65_10/E-8246_65_10.01" />
    </Map>
    <Map>
      <From key="IFTMBC/65///10-2" />
      <To key="T-IFTMBC/L-GID_40/L-DGS_65/S-DGS_65/C-C236_65_10/E-8246_65_10.02" />
    </Map>
    <Map>
      <From key="IFTMBC/65///10-3" />
      <To key="T-IFTMBC/L-GID_40/L-DGS_65/S-DGS_65/C-C236_65_10/E-8246_65_10.03" />
    </Map>
    <Map>
      <From key="IFTMBC/65///11" />
      <To key="T-IFTMBC/L-GID_40/L-DGS_65/S-DGS_65/E-8255_65_11" />
    </Map>
    <Map>
      <From key="IFTMBC/65///12" />
      <To key="T-IFTMBC/L-GID_40/L-DGS_65/S-DGS_65/E-8325_65_12" />
    </Map>
    <Map>
      <From key="IFTMBC/65///13" />
      <To key="T-IFTMBC/L-GID_40/L-DGS_65/S-DGS_65/E-8211_65_13" />
    </Map>
    <Map>
      <From key="IFTMBC/66///1" />
      <To key="T-IFTMBC/L-GID_40/L-DGS_65/S-FTX_66/E-4451_66_01" />
    </Map>
    <Map>
      <From key="IFTMBC/66///2" />
      <To key="T-IFTMBC/L-GID_40/L-DGS_65/S-FTX_66/E-4453_66_02" />
    </Map>
    <Map>
      <From key="IFTMBC/66///3-1" />
      <To key="T-IFTMBC/L-GID_40/L-DGS_65/S-FTX_66/C-C107_66_03/E-4441_66_03.01" />
    </Map>
    <Map>
      <From key="IFTMBC/66///3-2" />
      <To key="T-IFTMBC/L-GID_40/L-DGS_65/S-FTX_66/C-C107_66_03/E-1131_66_03.02" />
    </Map>
    <Map>
      <From key="IFTMBC/66///3-3" />
      <To key="T-IFTMBC/L-GID_40/L-DGS_65/S-FTX_66/C-C107_66_03/E-3055_66_03.03" />
    </Map>
    <Map>
      <From key="IFTMBC/66///4-1" />
      <To key="T-IFTMBC/L-GID_40/L-DGS_65/S-FTX_66/C-C108_66_04/E-4440_66_04.01" />
    </Map>
    <Map>
      <From key="IFTMBC/66///4-2" />
      <To key="T-IFTMBC/L-GID_40/L-DGS_65/S-FTX_66/C-C108_66_04/E-4440_66_04.02" />
    </Map>
    <Map>
      <From key="IFTMBC/66///4-3" />
      <To key="T-IFTMBC/L-GID_40/L-DGS_65/S-FTX_66/C-C108_66_04/E-4440_66_04.03" />
    </Map>
    <Map>
      <From key="IFTMBC/66///4-4" />
      <To key="T-IFTMBC/L-GID_40/L-DGS_65/S-FTX_66/C-C108_66_04/E-4440_66_04.04" />
    </Map>
    <Map>
      <From key="IFTMBC/66///4-5" />
      <To key="T-IFTMBC/L-GID_40/L-DGS_65/S-FTX_66/C-C108_66_04/E-4440_66_04.05" />
    </Map>
    <Map>
      <From key="IFTMBC/66///5" />
      <To key="T-IFTMBC/L-GID_40/L-DGS_65/S-FTX_66/E-3453_66_05" />
    </Map>
    <Map>
      <From key="IFTMBC/66///6" />
      <To key="T-IFTMBC/L-GID_40/L-DGS_65/S-FTX_66/E-4447_66_06" />
    </Map>
    <Map>
      <From key="IFTMBC/68///1" />
      <To key="T-IFTMBC/L-GID_40/L-DGS_65/L-CTA_68/S-CTA_68/E-3139_68_01" />
    </Map>
    <Map>
      <From key="IFTMBC/68///2-1" />
      <To key="T-IFTMBC/L-GID_40/L-DGS_65/L-CTA_68/S-CTA_68/C-C056_68_02/E-3413_68_02.01" />
    </Map>
    <Map>
      <From key="IFTMBC/68///2-2" />
      <To key="T-IFTMBC/L-GID_40/L-DGS_65/L-CTA_68/S-CTA_68/C-C056_68_02/E-3412_68_02.02" />
    </Map>
    <Map>
      <From key="IFTMBC/69///1-1" />
      <To key="T-IFTMBC/L-GID_40/L-DGS_65/L-CTA_68/S-COM_69/C-C076_69_01/E-3148_69_01.01" />
    </Map>
    <Map>
      <From key="IFTMBC/69///1-2" />
      <To key="T-IFTMBC/L-GID_40/L-DGS_65/L-CTA_68/S-COM_69/C-C076_69_01/E-3155_69_01.02" />
    </Map>
    <Map>
      <From key="IFTMBC/71///1" />
      <To key="T-IFTMBC/L-GID_40/L-DGS_65/L-MEA_71/S-MEA_71/E-6311_71_01" />
    </Map>
    <Map>
      <From key="IFTMBC/71///2-1" />
      <To key="T-IFTMBC/L-GID_40/L-DGS_65/L-MEA_71/S-MEA_71/C-C502_71_02/E-6313_71_02.01" />
    </Map>
    <Map>
      <From key="IFTMBC/71///2-2" />
      <To key="T-IFTMBC/L-GID_40/L-DGS_65/L-MEA_71/S-MEA_71/C-C502_71_02/E-6321_71_02.02" />
    </Map>
    <Map>
      <From key="IFTMBC/71///2-3" />
      <To key="T-IFTMBC/L-GID_40/L-DGS_65/L-MEA_71/S-MEA_71/C-C502_71_02/E-6155_71_02.03" />
    </Map>
    <Map>
      <From key="IFTMBC/71///2-4" />
      <To key="T-IFTMBC/L-GID_40/L-DGS_65/L-MEA_71/S-MEA_71/C-C502_71_02/E-6154_71_02.04" />
    </Map>
    <Map>
      <From key="IFTMBC/71///3-1" />
      <To key="T-IFTMBC/L-GID_40/L-DGS_65/L-MEA_71/S-MEA_71/C-C174_71_03/E-6411_71_03.01" />
    </Map>
    <Map>
      <From key="IFTMBC/71///3-2" />
      <To key="T-IFTMBC/L-GID_40/L-DGS_65/L-MEA_71/S-MEA_71/C-C174_71_03/E-6314_71_03.02" />
    </Map>
    <Map>
      <From key="IFTMBC/71///3-3" />
      <To key="T-IFTMBC/L-GID_40/L-DGS_65/L-MEA_71/S-MEA_71/C-C174_71_03/E-6162_71_03.03" />
    </Map>
    <Map>
      <From key="IFTMBC/71///3-4" />
      <To key="T-IFTMBC/L-GID_40/L-DGS_65/L-MEA_71/S-MEA_71/C-C174_71_03/E-6152_71_03.04" />
    </Map>
    <Map>
      <From key="IFTMBC/71///3-5" />
      <To key="T-IFTMBC/L-GID_40/L-DGS_65/L-MEA_71/S-MEA_71/C-C174_71_03/E-6432_71_03.05" />
    </Map>
    <Map>
      <From key="IFTMBC/71///4" />
      <To key="T-IFTMBC/L-GID_40/L-DGS_65/L-MEA_71/S-MEA_71/E-7383_71_04" />
    </Map>
    <Map>
      <From key="IFTMBC/72///1-1" />
      <To key="T-IFTMBC/L-GID_40/L-DGS_65/L-MEA_71/S-EQN_72/C-C523_72_01/E-6350_72_01.01" />
    </Map>
    <Map>
      <From key="IFTMBC/72///1-2" />
      <To key="T-IFTMBC/L-GID_40/L-DGS_65/L-MEA_71/S-EQN_72/C-C523_72_01/E-6353_72_01.02" />
    </Map>
    <Map>
      <From key="IFTMBC/74///1" />
      <To key="T-IFTMBC/L-EQD_74/S-EQD_74/E-8053_74_01" />
    </Map>
    <Map>
      <From key="IFTMBC/74///2-1" />
      <To key="T-IFTMBC/L-EQD_74/S-EQD_74/C-C237_74_02/E-8260_74_02.01" />
    </Map>
    <Map>
      <From key="IFTMBC/74///2-2" />
      <To key="T-IFTMBC/L-EQD_74/S-EQD_74/C-C237_74_02/E-1131_74_02.02" />
    </Map>
    <Map>
      <From key="IFTMBC/74///2-3" />
      <To key="T-IFTMBC/L-EQD_74/S-EQD_74/C-C237_74_02/E-3055_74_02.03" />
    </Map>
    <Map>
      <From key="IFTMBC/74///2-4" />
      <To key="T-IFTMBC/L-EQD_74/S-EQD_74/C-C237_74_02/E-3207_74_02.04" />
    </Map>
    <Map>
      <From key="IFTMBC/74///3-1" />
      <To key="T-IFTMBC/L-EQD_74/S-EQD_74/C-C224_74_03/E-8155_74_03.01" />
    </Map>
    <Map>
      <From key="IFTMBC/74///3-2" />
      <To key="T-IFTMBC/L-EQD_74/S-EQD_74/C-C224_74_03/E-1131_74_03.02" />
    </Map>
    <Map>
      <From key="IFTMBC/74///3-3" />
      <To key="T-IFTMBC/L-EQD_74/S-EQD_74/C-C224_74_03/E-3055_74_03.03" />
    </Map>
    <Map>
      <From key="IFTMBC/74///3-4" />
      <To key="T-IFTMBC/L-EQD_74/S-EQD_74/C-C224_74_03/E-8154_74_03.04" />
    </Map>
    <Map>
      <From key="IFTMBC/74///4" />
      <To key="T-IFTMBC/L-EQD_74/S-EQD_74/E-8077_74_04" />
    </Map>
    <Map>
      <From key="IFTMBC/74///5" />
      <To key="T-IFTMBC/L-EQD_74/S-EQD_74/E-8249_74_05" />
    </Map>
    <Map>
      <From key="IFTMBC/74///6" />
      <To key="T-IFTMBC/L-EQD_74/S-EQD_74/E-8169_74_06" />
    </Map>
    <Map>
      <From key="IFTMBC/75///1-1" />
      <To key="T-IFTMBC/L-EQD_74/S-EQN_75/C-C523_75_01/E-6350_75_01.01" />
    </Map>
    <Map>
      <From key="IFTMBC/75///1-2" />
      <To key="T-IFTMBC/L-EQD_74/S-EQN_75/C-C523_75_01/E-6353_75_01.02" />
    </Map>
    <Map>
      <From key="IFTMBC/76///1-1" />
      <To key="T-IFTMBC/L-EQD_74/S-TMD_76/C-C219_76_01/E-8335_76_01.01" />
    </Map>
    <Map>
      <From key="IFTMBC/76///1-2" />
      <To key="T-IFTMBC/L-EQD_74/S-TMD_76/C-C219_76_01/E-8334_76_01.02" />
    </Map>
    <Map>
      <From key="IFTMBC/76///2" />
      <To key="T-IFTMBC/L-EQD_74/S-TMD_76/E-8332_76_02" />
    </Map>
    <Map>
      <From key="IFTMBC/76///3" />
      <To key="T-IFTMBC/L-EQD_74/S-TMD_76/E-8341_76_03" />
    </Map>
    <Map>
      <From key="IFTMBC/77///1" />
      <To key="T-IFTMBC/L-EQD_74/S-MEA_77/E-6311_77_01" />
    </Map>
    <Map>
      <From key="IFTMBC/77///2-1" />
      <To key="T-IFTMBC/L-EQD_74/S-MEA_77/C-C502_77_02/E-6313_77_02.01" />
    </Map>
    <Map>
      <From key="IFTMBC/77///2-2" />
      <To key="T-IFTMBC/L-EQD_74/S-MEA_77/C-C502_77_02/E-6321_77_02.02" />
    </Map>
    <Map>
      <From key="IFTMBC/77///2-3" />
      <To key="T-IFTMBC/L-EQD_74/S-MEA_77/C-C502_77_02/E-6155_77_02.03" />
    </Map>
    <Map>
      <From key="IFTMBC/77///2-4" />
      <To key="T-IFTMBC/L-EQD_74/S-MEA_77/C-C502_77_02/E-6154_77_02.04" />
    </Map>
    <Map>
      <From key="IFTMBC/77///3-1" />
      <To key="T-IFTMBC/L-EQD_74/S-MEA_77/C-C174_77_03/E-6411_77_03.01" />
    </Map>
    <Map>
      <From key="IFTMBC/77///3-2" />
      <To key="T-IFTMBC/L-EQD_74/S-MEA_77/C-C174_77_03/E-6314_77_03.02" />
    </Map>
    <Map>
      <From key="IFTMBC/77///3-3" />
      <To key="T-IFTMBC/L-EQD_74/S-MEA_77/C-C174_77_03/E-6162_77_03.03" />
    </Map>
    <Map>
      <From key="IFTMBC/77///3-4" />
      <To key="T-IFTMBC/L-EQD_74/S-MEA_77/C-C174_77_03/E-6152_77_03.04" />
    </Map>
    <Map>
      <From key="IFTMBC/77///3-5" />
      <To key="T-IFTMBC/L-EQD_74/S-MEA_77/C-C174_77_03/E-6432_77_03.05" />
    </Map>
    <Map>
      <From key="IFTMBC/77///4" />
      <To key="T-IFTMBC/L-EQD_74/S-MEA_77/E-7383_77_04" />
    </Map>
    <Map>
      <From key="IFTMBC/78///1" />
      <To key="T-IFTMBC/L-EQD_74/S-DIM_78/E-6145_78_01" />
    </Map>
    <Map>
      <From key="IFTMBC/78///2-1" />
      <To key="T-IFTMBC/L-EQD_74/S-DIM_78/C-C211_78_02/E-6411_78_02.01" />
    </Map>
    <Map>
      <From key="IFTMBC/78///2-2" />
      <To key="T-IFTMBC/L-EQD_74/S-DIM_78/C-C211_78_02/E-6168_78_02.02" />
    </Map>
    <Map>
      <From key="IFTMBC/78///2-3" />
      <To key="T-IFTMBC/L-EQD_74/S-DIM_78/C-C211_78_02/E-6140_78_02.03" />
    </Map>
    <Map>
      <From key="IFTMBC/78///2-4" />
      <To key="T-IFTMBC/L-EQD_74/S-DIM_78/C-C211_78_02/E-6008_78_02.04" />
    </Map>
    <Map>
      <From key="IFTMBC/79///1-1" />
      <To key="T-IFTMBC/L-EQD_74/S-HAN_79/C-C524_79_01/E-4079_79_01.01" />
    </Map>
    <Map>
      <From key="IFTMBC/79///1-2" />
      <To key="T-IFTMBC/L-EQD_74/S-HAN_79/C-C524_79_01/E-1131_79_01.02" />
    </Map>
    <Map>
      <From key="IFTMBC/79///1-3" />
      <To key="T-IFTMBC/L-EQD_74/S-HAN_79/C-C524_79_01/E-3055_79_01.03" />
    </Map>
    <Map>
      <From key="IFTMBC/79///1-4" />
      <To key="T-IFTMBC/L-EQD_74/S-HAN_79/C-C524_79_01/E-4078_79_01.04" />
    </Map>
    <Map>
      <From key="IFTMBC/79///2-1" />
      <To key="T-IFTMBC/L-EQD_74/S-HAN_79/C-C218_79_02/E-7419_79_02.01" />
    </Map>
    <Map>
      <From key="IFTMBC/79///2-2" />
      <To key="T-IFTMBC/L-EQD_74/S-HAN_79/C-C218_79_02/E-1131_79_02.02" />
    </Map>
    <Map>
      <From key="IFTMBC/79///2-3" />
      <To key="T-IFTMBC/L-EQD_74/S-HAN_79/C-C218_79_02/E-3055_79_02.03" />
    </Map>
    <Map>
      <From key="IFTMBC/79///2-4" />
      <To key="T-IFTMBC/L-EQD_74/S-HAN_79/C-C218_79_02/E-7418_79_02.04" />
    </Map>
    <Map>
      <From key="IFTMBC/80///1" />
      <To key="T-IFTMBC/L-EQD_74/S-TMP_80/E-6245_80_01" />
    </Map>
    <Map>
      <From key="IFTMBC/80///2-1" />
      <To key="T-IFTMBC/L-EQD_74/S-TMP_80/C-C239_80_02/E-6246_80_02.01" />
    </Map>
    <Map>
      <From key="IFTMBC/80///2-2" />
      <To key="T-IFTMBC/L-EQD_74/S-TMP_80/C-C239_80_02/E-6411_80_02.02" />
    </Map>
    <Map>
      <From key="IFTMBC/81///1" />
      <To key="T-IFTMBC/L-EQD_74/S-RNG_81/E-6167_81_01" />
    </Map>
    <Map>
      <From key="IFTMBC/81///2-1" />
      <To key="T-IFTMBC/L-EQD_74/S-RNG_81/C-C280_81_02/E-6411_81_02.01" />
    </Map>
    <Map>
      <From key="IFTMBC/81///2-2" />
      <To key="T-IFTMBC/L-EQD_74/S-RNG_81/C-C280_81_02/E-6162_81_02.02" />
    </Map>
    <Map>
      <From key="IFTMBC/81///2-3" />
      <To key="T-IFTMBC/L-EQD_74/S-RNG_81/C-C280_81_02/E-6152_81_02.03" />
    </Map>
    <Map>
      <From key="IFTMBC/82///1" />
      <To key="T-IFTMBC/L-EQD_74/S-FTX_82/E-4451_82_01" />
    </Map>
    <Map>
      <From key="IFTMBC/82///2" />
      <To key="T-IFTMBC/L-EQD_74/S-FTX_82/E-4453_82_02" />
    </Map>
    <Map>
      <From key="IFTMBC/82///3-1" />
      <To key="T-IFTMBC/L-EQD_74/S-FTX_82/C-C107_82_03/E-4441_82_03.01" />
    </Map>
    <Map>
      <From key="IFTMBC/82///3-2" />
      <To key="T-IFTMBC/L-EQD_74/S-FTX_82/C-C107_82_03/E-1131_82_03.02" />
    </Map>
    <Map>
      <From key="IFTMBC/82///3-3" />
      <To key="T-IFTMBC/L-EQD_74/S-FTX_82/C-C107_82_03/E-3055_82_03.03" />
    </Map>
    <Map>
      <From key="IFTMBC/82///4-1" />
      <To key="T-IFTMBC/L-EQD_74/S-FTX_82/C-C108_82_04/E-4440_82_04.01" />
    </Map>
    <Map>
      <From key="IFTMBC/82///4-2" />
      <To key="T-IFTMBC/L-EQD_74/S-FTX_82/C-C108_82_04/E-4440_82_04.02" />
    </Map>
    <Map>
      <From key="IFTMBC/82///4-3" />
      <To key="T-IFTMBC/L-EQD_74/S-FTX_82/C-C108_82_04/E-4440_82_04.03" />
    </Map>
    <Map>
      <From key="IFTMBC/82///4-4" />
      <To key="T-IFTMBC/L-EQD_74/S-FTX_82/C-C108_82_04/E-4440_82_04.04" />
    </Map>
    <Map>
      <From key="IFTMBC/82///4-5" />
      <To key="T-IFTMBC/L-EQD_74/S-FTX_82/C-C108_82_04/E-4440_82_04.05" />
    </Map>
    <Map>
      <From key="IFTMBC/82///5" />
      <To key="T-IFTMBC/L-EQD_74/S-FTX_82/E-3453_82_05" />
    </Map>
    <Map>
      <From key="IFTMBC/82///6" />
      <To key="T-IFTMBC/L-EQD_74/S-FTX_82/E-4447_82_06" />
    </Map>
    <Map>
      <From key="IFTMBC/83///1-1" />
      <To key="T-IFTMBC/L-EQD_74/S-RFF_83/C-C506_83_01/E-1153_83_01.01" />
    </Map>
    <Map>
      <From key="IFTMBC/83///1-2" />
      <To key="T-IFTMBC/L-EQD_74/S-RFF_83/C-C506_83_01/E-1154_83_01.02" />
    </Map>
    <Map>
      <From key="IFTMBC/83///1-3" />
      <To key="T-IFTMBC/L-EQD_74/S-RFF_83/C-C506_83_01/E-1156_83_01.03" />
    </Map>
    <Map>
      <From key="IFTMBC/83///1-4" />
      <To key="T-IFTMBC/L-EQD_74/S-RFF_83/C-C506_83_01/E-4000_83_01.04" />
    </Map>
    <Map>
      <From key="IFTMBC/83///1-5" />
      <To key="T-IFTMBC/L-EQD_74/S-RFF_83/C-C506_83_01/E-1060_83_01.05" />
    </Map>
    <Map>
      <From key="IFTMBC/85///1" />
      <To key="T-IFTMBC/L-EQD_74/L-NAD_85/S-NAD_85/E-3035_85_01" />
    </Map>
    <Map>
      <From key="IFTMBC/85///2-1" />
      <To key="T-IFTMBC/L-EQD_74/L-NAD_85/S-NAD_85/C-C082_85_02/E-3039_85_02.01" />
    </Map>
    <Map>
      <From key="IFTMBC/85///2-2" />
      <To key="T-IFTMBC/L-EQD_74/L-NAD_85/S-NAD_85/C-C082_85_02/E-1131_85_02.02" />
    </Map>
    <Map>
      <From key="IFTMBC/85///2-3" />
      <To key="T-IFTMBC/L-EQD_74/L-NAD_85/S-NAD_85/C-C082_85_02/E-3055_85_02.03" />
    </Map>
    <Map>
      <From key="IFTMBC/85///3-1" />
      <To key="T-IFTMBC/L-EQD_74/L-NAD_85/S-NAD_85/C-C058_85_03/E-3124_85_03.01" />
    </Map>
    <Map>
      <From key="IFTMBC/85///3-2" />
      <To key="T-IFTMBC/L-EQD_74/L-NAD_85/S-NAD_85/C-C058_85_03/E-3124_85_03.02" />
    </Map>
    <Map>
      <From key="IFTMBC/85///3-3" />
      <To key="T-IFTMBC/L-EQD_74/L-NAD_85/S-NAD_85/C-C058_85_03/E-3124_85_03.03" />
    </Map>
    <Map>
      <From key="IFTMBC/85///3-4" />
      <To key="T-IFTMBC/L-EQD_74/L-NAD_85/S-NAD_85/C-C058_85_03/E-3124_85_03.04" />
    </Map>
    <Map>
      <From key="IFTMBC/85///3-5" />
      <To key="T-IFTMBC/L-EQD_74/L-NAD_85/S-NAD_85/C-C058_85_03/E-3124_85_03.05" />
    </Map>
    <Map>
      <From key="IFTMBC/85///4-1" />
      <To key="T-IFTMBC/L-EQD_74/L-NAD_85/S-NAD_85/C-C080_85_04/E-3036_85_04.01" />
    </Map>
    <Map>
      <From key="IFTMBC/85///4-2" />
      <To key="T-IFTMBC/L-EQD_74/L-NAD_85/S-NAD_85/C-C080_85_04/E-3036_85_04.02" />
    </Map>
    <Map>
      <From key="IFTMBC/85///4-3" />
      <To key="T-IFTMBC/L-EQD_74/L-NAD_85/S-NAD_85/C-C080_85_04/E-3036_85_04.03" />
    </Map>
    <Map>
      <From key="IFTMBC/85///4-4" />
      <To key="T-IFTMBC/L-EQD_74/L-NAD_85/S-NAD_85/C-C080_85_04/E-3036_85_04.04" />
    </Map>
    <Map>
      <From key="IFTMBC/85///4-5" />
      <To key="T-IFTMBC/L-EQD_74/L-NAD_85/S-NAD_85/C-C080_85_04/E-3036_85_04.05" />
    </Map>
    <Map>
      <From key="IFTMBC/85///4-6" />
      <To key="T-IFTMBC/L-EQD_74/L-NAD_85/S-NAD_85/C-C080_85_04/E-3045_85_04.06" />
    </Map>
    <Map>
      <From key="IFTMBC/85///5-1" />
      <To key="T-IFTMBC/L-EQD_74/L-NAD_85/S-NAD_85/C-C059_85_05/E-3042_85_05.01" />
    </Map>
    <Map>
      <From key="IFTMBC/85///5-2" />
      <To key="T-IFTMBC/L-EQD_74/L-NAD_85/S-NAD_85/C-C059_85_05/E-3042_85_05.02" />
    </Map>
    <Map>
      <From key="IFTMBC/85///5-3" />
      <To key="T-IFTMBC/L-EQD_74/L-NAD_85/S-NAD_85/C-C059_85_05/E-3042_85_05.03" />
    </Map>
    <Map>
      <From key="IFTMBC/85///5-4" />
      <To key="T-IFTMBC/L-EQD_74/L-NAD_85/S-NAD_85/C-C059_85_05/E-3042_85_05.04" />
    </Map>
    <Map>
      <From key="IFTMBC/85///6" />
      <To key="T-IFTMBC/L-EQD_74/L-NAD_85/S-NAD_85/E-3164_85_06" />
    </Map>
    <Map>
      <From key="IFTMBC/85///7-1" />
      <To key="T-IFTMBC/L-EQD_74/L-NAD_85/S-NAD_85/C-C819_85_07/E-3229_85_07.01" />
    </Map>
    <Map>
      <From key="IFTMBC/85///7-2" />
      <To key="T-IFTMBC/L-EQD_74/L-NAD_85/S-NAD_85/C-C819_85_07/E-1131_85_07.02" />
    </Map>
    <Map>
      <From key="IFTMBC/85///7-3" />
      <To key="T-IFTMBC/L-EQD_74/L-NAD_85/S-NAD_85/C-C819_85_07/E-3055_85_07.03" />
    </Map>
    <Map>
      <From key="IFTMBC/85///7-4" />
      <To key="T-IFTMBC/L-EQD_74/L-NAD_85/S-NAD_85/C-C819_85_07/E-3228_85_07.04" />
    </Map>
    <Map>
      <From key="IFTMBC/85///8" />
      <To key="T-IFTMBC/L-EQD_74/L-NAD_85/S-NAD_85/E-3251_85_08" />
    </Map>
    <Map>
      <From key="IFTMBC/85///9" />
      <To key="T-IFTMBC/L-EQD_74/L-NAD_85/S-NAD_85/E-3207_85_09" />
    </Map>
    <Map>
      <From key="IFTMBC/86///1-1" />
      <To key="T-IFTMBC/L-EQD_74/L-NAD_85/S-DTM_86/C-C507_86_01/E-2005_86_01.01" />
    </Map>
    <Map>
      <From key="IFTMBC/86///1-2" />
      <To key="T-IFTMBC/L-EQD_74/L-NAD_85/S-DTM_86/C-C507_86_01/E-2380_86_01.02" />
    </Map>
    <Map>
      <From key="IFTMBC/86///1-3" />
      <To key="T-IFTMBC/L-EQD_74/L-NAD_85/S-DTM_86/C-C507_86_01/E-2379_86_01.03" />
    </Map>
    <Map>
      <From key="IFTMBC/88///1" />
      <To key="T-IFTMBC/L-EQD_74/L-DGS_88/S-DGS_88/E-8273_88_01" />
    </Map>
    <Map>
      <From key="IFTMBC/88///2-1" />
      <To key="T-IFTMBC/L-EQD_74/L-DGS_88/S-DGS_88/C-C205_88_02/E-8351_88_02.01" />
    </Map>
    <Map>
      <From key="IFTMBC/88///2-2" />
      <To key="T-IFTMBC/L-EQD_74/L-DGS_88/S-DGS_88/C-C205_88_02/E-8078_88_02.02" />
    </Map>
    <Map>
      <From key="IFTMBC/88///2-3" />
      <To key="T-IFTMBC/L-EQD_74/L-DGS_88/S-DGS_88/C-C205_88_02/E-8092_88_02.03" />
    </Map>
    <Map>
      <From key="IFTMBC/88///3-1" />
      <To key="T-IFTMBC/L-EQD_74/L-DGS_88/S-DGS_88/C-C234_88_03/E-7124_88_03.01" />
    </Map>
    <Map>
      <From key="IFTMBC/88///3-2" />
      <To key="T-IFTMBC/L-EQD_74/L-DGS_88/S-DGS_88/C-C234_88_03/E-7088_88_03.02" />
    </Map>
    <Map>
      <From key="IFTMBC/88///4-1" />
      <To key="T-IFTMBC/L-EQD_74/L-DGS_88/S-DGS_88/C-C223_88_04/E-7106_88_04.01" />
    </Map>
    <Map>
      <From key="IFTMBC/88///4-2" />
      <To key="T-IFTMBC/L-EQD_74/L-DGS_88/S-DGS_88/C-C223_88_04/E-6411_88_04.02" />
    </Map>
    <Map>
      <From key="IFTMBC/88///5" />
      <To key="T-IFTMBC/L-EQD_74/L-DGS_88/S-DGS_88/E-8339_88_05" />
    </Map>
    <Map>
      <From key="IFTMBC/88///6" />
      <To key="T-IFTMBC/L-EQD_74/L-DGS_88/S-DGS_88/E-8364_88_06" />
    </Map>
    <Map>
      <From key="IFTMBC/88///7" />
      <To key="T-IFTMBC/L-EQD_74/L-DGS_88/S-DGS_88/E-8410_88_07" />
    </Map>
    <Map>
      <From key="IFTMBC/88///8" />
      <To key="T-IFTMBC/L-EQD_74/L-DGS_88/S-DGS_88/E-8126_88_08" />
    </Map>
    <Map>
      <From key="IFTMBC/88///9-1" />
      <To key="T-IFTMBC/L-EQD_74/L-DGS_88/S-DGS_88/C-C235_88_09/E-8158_88_09.01" />
    </Map>
    <Map>
      <From key="IFTMBC/88///9-2" />
      <To key="T-IFTMBC/L-EQD_74/L-DGS_88/S-DGS_88/C-C235_88_09/E-8186_88_09.02" />
    </Map>
    <Map>
      <From key="IFTMBC/88///10-1" />
      <To key="T-IFTMBC/L-EQD_74/L-DGS_88/S-DGS_88/C-C236_88_10/E-8246_88_10.01" />
    </Map>
    <Map>
      <From key="IFTMBC/88///10-2" />
      <To key="T-IFTMBC/L-EQD_74/L-DGS_88/S-DGS_88/C-C236_88_10/E-8246_88_10.02" />
    </Map>
    <Map>
      <From key="IFTMBC/88///10-3" />
      <To key="T-IFTMBC/L-EQD_74/L-DGS_88/S-DGS_88/C-C236_88_10/E-8246_88_10.03" />
    </Map>
    <Map>
      <From key="IFTMBC/88///11" />
      <To key="T-IFTMBC/L-EQD_74/L-DGS_88/S-DGS_88/E-8255_88_11" />
    </Map>
    <Map>
      <From key="IFTMBC/88///12" />
      <To key="T-IFTMBC/L-EQD_74/L-DGS_88/S-DGS_88/E-8325_88_12" />
    </Map>
    <Map>
      <From key="IFTMBC/88///13" />
      <To key="T-IFTMBC/L-EQD_74/L-DGS_88/S-DGS_88/E-8211_88_13" />
    </Map>
    <Map>
      <From key="IFTMBC/89///1" />
      <To key="T-IFTMBC/L-EQD_74/L-DGS_88/S-FTX_89/E-4451_89_01" />
    </Map>
    <Map>
      <From key="IFTMBC/89///2" />
      <To key="T-IFTMBC/L-EQD_74/L-DGS_88/S-FTX_89/E-4453_89_02" />
    </Map>
    <Map>
      <From key="IFTMBC/89///3-1" />
      <To key="T-IFTMBC/L-EQD_74/L-DGS_88/S-FTX_89/C-C107_89_03/E-4441_89_03.01" />
    </Map>
    <Map>
      <From key="IFTMBC/89///3-2" />
      <To key="T-IFTMBC/L-EQD_74/L-DGS_88/S-FTX_89/C-C107_89_03/E-1131_89_03.02" />
    </Map>
    <Map>
      <From key="IFTMBC/89///3-3" />
      <To key="T-IFTMBC/L-EQD_74/L-DGS_88/S-FTX_89/C-C107_89_03/E-3055_89_03.03" />
    </Map>
    <Map>
      <From key="IFTMBC/89///4-1" />
      <To key="T-IFTMBC/L-EQD_74/L-DGS_88/S-FTX_89/C-C108_89_04/E-4440_89_04.01" />
    </Map>
    <Map>
      <From key="IFTMBC/89///4-2" />
      <To key="T-IFTMBC/L-EQD_74/L-DGS_88/S-FTX_89/C-C108_89_04/E-4440_89_04.02" />
    </Map>
    <Map>
      <From key="IFTMBC/89///4-3" />
      <To key="T-IFTMBC/L-EQD_74/L-DGS_88/S-FTX_89/C-C108_89_04/E-4440_89_04.03" />
    </Map>
    <Map>
      <From key="IFTMBC/89///4-4" />
      <To key="T-IFTMBC/L-EQD_74/L-DGS_88/S-FTX_89/C-C108_89_04/E-4440_89_04.04" />
    </Map>
    <Map>
      <From key="IFTMBC/89///4-5" />
      <To key="T-IFTMBC/L-EQD_74/L-DGS_88/S-FTX_89/C-C108_89_04/E-4440_89_04.05" />
    </Map>
    <Map>
      <From key="IFTMBC/89///5" />
      <To key="T-IFTMBC/L-EQD_74/L-DGS_88/S-FTX_89/E-3453_89_05" />
    </Map>
    <Map>
      <From key="IFTMBC/89///6" />
      <To key="T-IFTMBC/L-EQD_74/L-DGS_88/S-FTX_89/E-4447_89_06" />
    </Map>
    <Map>
      <From key="IFTMBC/91///1" />
      <To key="T-IFTMBC/L-EQD_74/L-DGS_88/L-CTA_91/S-CTA_91/E-3139_91_01" />
    </Map>
    <Map>
      <From key="IFTMBC/91///2-1" />
      <To key="T-IFTMBC/L-EQD_74/L-DGS_88/L-CTA_91/S-CTA_91/C-C056_91_02/E-3413_91_02.01" />
    </Map>
    <Map>
      <From key="IFTMBC/91///2-2" />
      <To key="T-IFTMBC/L-EQD_74/L-DGS_88/L-CTA_91/S-CTA_91/C-C056_91_02/E-3412_91_02.02" />
    </Map>
    <Map>
      <From key="IFTMBC/92///1-1" />
      <To key="T-IFTMBC/L-EQD_74/L-DGS_88/L-CTA_91/S-COM_92/C-C076_92_01/E-3148_92_01.01" />
    </Map>
    <Map>
      <From key="IFTMBC/92///1-2" />
      <To key="T-IFTMBC/L-EQD_74/L-DGS_88/L-CTA_91/S-COM_92/C-C076_92_01/E-3155_92_01.02" />
    </Map>
    <Map>
      <From key="IFTMBC/93///1" />
      <To key="T-IFTMBC/S-UNT_93/E-0074_93_01" />
    </Map>
    <Map>
      <From key="IFTMBC/93///2" />
      <To key="T-IFTMBC/S-UNT_93/E-0062_93_02" />
    </Map>
  </KEYMAP>
</Configure>
