<Configure>
  <SourceGuideline value="C:\Foresight\EDISIM_6.13\User Files\Public Guidelines\300_5040_LOWES.std" />
  <SourceSet value="300" />
  <TargetGuideline value="D:\git\b2b_cs_customers\br\x12\schema\300_5040\300_5040_LOWES_300.xsd" />
  <TargetSet value="" />
  <EDISIM value="6.13.0 HF-002" format="BC" />
  <SOURCEOPTION>
    <keyOffset value="" />
    <keylen value="" />
    <recordterminator value="" />
    <sourcedoctype value="X12" />
    <sourcexmlRootNode value="" />
    <sourcexmlxmlnameSpace value="" />
    <isDoconly value="" />
    <sourceFlatFileType value="N" />
  </SOURCEOPTION>
  <TARGETOPTION>
    <segSeparator value="" />
    <compSeparator value="" />
    <elmSeparator value="" />
    <subcomponenteparator value="" />
    <repetionSeparator value="" />
    <wrapdata value="0" />
    <UsingSourceSep value="0" />
    <uppercase value="0" />
    <lowercase value="0" />
    <singleENV value="0" />
    <targetFlatNoID value="0" />
    <MappingOffset value="0" />
    <targetdoctype value="XML" />
    <xmlRootNode value="T-300" />
    <xmlNameSpace value="http://www.w3.org/2001/XMLSchema" />
    <isflatdelimited value="0" />
    <writeSegTag value="0" />
    <addnewline value="0" />
    <startWithDelimiter value="0" />
    <endWithDelimiter value="0" />
    <flatdelimiter value="" />
    <flatSubdelimiter value="" />
    <flatendingdelimiter value="" />
    <is2pass value="0" />
    <trimSpace value="" />
    <newline value="0" />
    <allowTrailingDelimiter value="1" />
  </TARGETOPTION>
  <KEYMAP>
    <Map>
      <From key="//ISA//1" />
      <To key="T-300/L-ISA/S-ISA/E-I01_ISA_01" />
    </Map>
    <Map>
      <From key="//ISA//2" />
      <To key="T-300/L-ISA/S-ISA/E-I02_ISA_02" />
    </Map>
    <Map>
      <From key="//ISA//3" />
      <To key="T-300/L-ISA/S-ISA/E-I03_ISA_03" />
    </Map>
    <Map>
      <From key="//ISA//4" />
      <To key="T-300/L-ISA/S-ISA/E-I04_ISA_04" />
    </Map>
    <Map>
      <From key="//ISA//5" />
      <To key="T-300/L-ISA/S-ISA/E-I05_ISA_05" />
    </Map>
    <Map>
      <From key="//ISA//6" />
      <To key="T-300/L-ISA/S-ISA/E-I06_ISA_06" />
    </Map>
    <Map>
      <From key="//ISA//7" />
      <To key="T-300/L-ISA/S-ISA/E-I05_ISA_07" />
    </Map>
    <Map>
      <From key="//ISA//8" />
      <To key="T-300/L-ISA/S-ISA/E-I07_ISA_08" />
    </Map>
    <Map>
      <From key="//ISA//9" />
      <To key="T-300/L-ISA/S-ISA/E-I08_ISA_09" />
    </Map>
    <Map>
      <From key="//ISA//10" />
      <To key="T-300/L-ISA/S-ISA/E-I09_ISA_10" />
    </Map>
    <Map>
      <From key="//ISA//11" />
      <To key="T-300/L-ISA/S-ISA/E-I65_ISA_11" />
    </Map>
    <Map>
      <From key="//ISA//12" />
      <To key="T-300/L-ISA/S-ISA/E-I11_ISA_12" />
    </Map>
    <Map>
      <From key="//ISA//13" />
      <To key="T-300/L-ISA/S-ISA/E-I12_ISA_13" />
    </Map>
    <Map>
      <From key="//ISA//14" />
      <To key="T-300/L-ISA/S-ISA/E-I13_ISA_14" />
    </Map>
    <Map>
      <From key="//ISA//15" />
      <To key="T-300/L-ISA/S-ISA/E-I14_ISA_15" />
    </Map>
    <Map>
      <From key="//ISA//16" />
      <To key="T-300/L-ISA/S-ISA/E-I15_ISA_16" />
    </Map>
    <Map>
      <From key="//GS//1" />
      <To key="T-300/L-GS/S-GS/E-479_GS_01" />
    </Map>
    <Map>
      <From key="//GS//2" />
      <To key="T-300/L-GS/S-GS/E-142_GS_02" />
    </Map>
    <Map>
      <From key="//GS//3" />
      <To key="T-300/L-GS/S-GS/E-124_GS_03" />
    </Map>
    <Map>
      <From key="//GS//4" />
      <To key="T-300/L-GS/S-GS/E-373_GS_04" />
    </Map>
    <Map>
      <From key="//GS//5" />
      <To key="T-300/L-GS/S-GS/E-337_GS_05" />
    </Map>
    <Map>
      <From key="//GS//6" />
      <To key="T-300/L-GS/S-GS/E-28_GS_06" />
    </Map>
    <Map>
      <From key="//GS//7" />
      <To key="T-300/L-GS/S-GS/E-455_GS_07" />
    </Map>
    <Map>
      <From key="//GS//8" />
      <To key="T-300/L-GS/S-GS/E-480_GS_08" />
    </Map>
    <Map>
      <From key="300/1///1" />
      <To key="T-300/S-ST_1/E-143_1_01" />
    </Map>
    <Map>
      <From key="300/1///2" />
      <To key="T-300/S-ST_1/E-329_1_02" />
    </Map>
    <Map>
      <From key="300/1///3" />
      <To key="T-300/S-ST_1/E-1705_1_03" />
    </Map>
    <Map>
      <From key="300/2///1" />
      <To key="T-300/S-B1_2/E-140_2_01" />
    </Map>
    <Map>
      <From key="300/2///2" />
      <To key="T-300/S-B1_2/E-145_2_02" />
    </Map>
    <Map>
      <From key="300/2///3" />
      <To key="T-300/S-B1_2/E-373_2_03" />
    </Map>
    <Map>
      <From key="300/2///4" />
      <To key="T-300/S-B1_2/E-558_2_04" />
    </Map>
    <Map>
      <From key="300/2///5" />
      <To key="T-300/S-B1_2/E-1073_2_05" />
    </Map>
    <Map>
      <From key="300/2///6" />
      <To key="T-300/S-B1_2/E-1658_2_06" />
    </Map>
    <Map>
      <From key="300/3///1" />
      <To key="T-300/S-G61_3/E-366_3_01" />
    </Map>
    <Map>
      <From key="300/3///2" />
      <To key="T-300/S-G61_3/E-93_3_02" />
    </Map>
    <Map>
      <From key="300/3///3" />
      <To key="T-300/S-G61_3/E-365_3_03" />
    </Map>
    <Map>
      <From key="300/3///4" />
      <To key="T-300/S-G61_3/E-364_3_04" />
    </Map>
    <Map>
      <From key="300/3///5" />
      <To key="T-300/S-G61_3/E-443_3_05" />
    </Map>
    <Map>
      <From key="300/4///1" />
      <To key="T-300/S-Y6_4/E-313_4_01" />
    </Map>
    <Map>
      <From key="300/4///2" />
      <To key="T-300/S-Y6_4/E-151_4_02" />
    </Map>
    <Map>
      <From key="300/4///3" />
      <To key="T-300/S-Y6_4/E-275_4_03" />
    </Map>
    <Map>
      <From key="300/5///1" />
      <To key="T-300/S-Y7_5/E-467_5_01" />
    </Map>
    <Map>
      <From key="300/5///2" />
      <To key="T-300/S-Y7_5/E-470_5_02" />
    </Map>
    <Map>
      <From key="300/5///3" />
      <To key="T-300/S-Y7_5/E-471_5_03" />
    </Map>
    <Map>
      <From key="300/5///4" />
      <To key="T-300/S-Y7_5/E-468_5_04" />
    </Map>
    <Map>
      <From key="300/5///5" />
      <To key="T-300/S-Y7_5/E-373_5_05" />
    </Map>
    <Map>
      <From key="300/6///1" />
      <To key="T-300/S-Y1_6/E-135_6_01" />
    </Map>
    <Map>
      <From key="300/6///2" />
      <To key="T-300/S-Y1_6/E-373_6_02" />
    </Map>
    <Map>
      <From key="300/6///3" />
      <To key="T-300/S-Y1_6/E-140_6_03" />
    </Map>
    <Map>
      <From key="300/6///4" />
      <To key="T-300/S-Y1_6/E-91_6_04" />
    </Map>
    <Map>
      <From key="300/6///5" />
      <To key="T-300/S-Y1_6/E-98_6_05" />
    </Map>
    <Map>
      <From key="300/6///6" />
      <To key="T-300/S-Y1_6/E-19_6_06" />
    </Map>
    <Map>
      <From key="300/6///7" />
      <To key="T-300/S-Y1_6/E-156_6_07" />
    </Map>
    <Map>
      <From key="300/6///8" />
      <To key="T-300/S-Y1_6/E-375_6_08" />
    </Map>
    <Map>
      <From key="300/6///9" />
      <To key="T-300/S-Y1_6/E-374_6_09" />
    </Map>
    <Map>
      <From key="300/7///1" />
      <To key="T-300/L-Y2_7/S-Y2_7/E-95_7_01" />
    </Map>
    <Map>
      <From key="300/7///2" />
      <To key="T-300/L-Y2_7/S-Y2_7/E-78_7_02" />
    </Map>
    <Map>
      <From key="300/7///3" />
      <To key="T-300/L-Y2_7/S-Y2_7/E-56_7_03" />
    </Map>
    <Map>
      <From key="300/7///4" />
      <To key="T-300/L-Y2_7/S-Y2_7/E-24_7_04" />
    </Map>
    <Map>
      <From key="300/7///5" />
      <To key="T-300/L-Y2_7/S-Y2_7/E-91_7_05" />
    </Map>
    <Map>
      <From key="300/7///6" />
      <To key="T-300/L-Y2_7/S-Y2_7/E-177_7_06" />
    </Map>
    <Map>
      <From key="300/7///7" />
      <To key="T-300/L-Y2_7/S-Y2_7/E-140_7_07" />
    </Map>
    <Map>
      <From key="300/7///8" />
      <To key="T-300/L-Y2_7/S-Y2_7/E-464_7_08" />
    </Map>
    <Map>
      <From key="300/7///9" />
      <To key="T-300/L-Y2_7/S-Y2_7/E-465_7_09" />
    </Map>
    <Map>
      <From key="300/7///10" />
      <To key="T-300/L-Y2_7/S-Y2_7/E-466_7_10" />
    </Map>
    <Map>
      <From key="300/8///1" />
      <To key="T-300/L-Y2_7/S-W09_8/E-40_8_01" />
    </Map>
    <Map>
      <From key="300/8///2" />
      <To key="T-300/L-Y2_7/S-W09_8/E-408_8_02" />
    </Map>
    <Map>
      <From key="300/8///3" />
      <To key="T-300/L-Y2_7/S-W09_8/E-355_8_03" />
    </Map>
    <Map>
      <From key="300/8///4" />
      <To key="T-300/L-Y2_7/S-W09_8/E-408_8_04" />
    </Map>
    <Map>
      <From key="300/8///5" />
      <To key="T-300/L-Y2_7/S-W09_8/E-355_8_05" />
    </Map>
    <Map>
      <From key="300/8///6" />
      <To key="T-300/L-Y2_7/S-W09_8/E-3_8_06" />
    </Map>
    <Map>
      <From key="300/8///7" />
      <To key="T-300/L-Y2_7/S-W09_8/E-1122_8_07" />
    </Map>
    <Map>
      <From key="300/8///8" />
      <To key="T-300/L-Y2_7/S-W09_8/E-488_8_08" />
    </Map>
    <Map>
      <From key="300/8///9" />
      <To key="T-300/L-Y2_7/S-W09_8/E-380_8_09" />
    </Map>
    <Map>
      <From key="300/9///1" />
      <To key="T-300/S-N9_9/E-128_9_01" />
    </Map>
    <Map>
      <From key="300/9///2" />
      <To key="T-300/S-N9_9/E-127_9_02" />
    </Map>
    <Map>
      <From key="300/9///3" />
      <To key="T-300/S-N9_9/E-369_9_03" />
    </Map>
    <Map>
      <From key="300/9///4" />
      <To key="T-300/S-N9_9/E-373_9_04" />
    </Map>
    <Map>
      <From key="300/9///5" />
      <To key="T-300/S-N9_9/E-337_9_05" />
    </Map>
    <Map>
      <From key="300/9///6" />
      <To key="T-300/S-N9_9/E-623_9_06" />
    </Map>
    <Map>
      <From key="300/9///7-1" />
      <To key="T-300/S-N9_9/C-C040_9_07/E-128_9_07.01" />
    </Map>
    <Map>
      <From key="300/9///7-2" />
      <To key="T-300/S-N9_9/C-C040_9_07/E-127_9_07.02" />
    </Map>
    <Map>
      <From key="300/9///7-3" />
      <To key="T-300/S-N9_9/C-C040_9_07/E-128_9_07.03" />
    </Map>
    <Map>
      <From key="300/9///7-4" />
      <To key="T-300/S-N9_9/C-C040_9_07/E-127_9_07.04" />
    </Map>
    <Map>
      <From key="300/9///7-5" />
      <To key="T-300/S-N9_9/C-C040_9_07/E-128_9_07.05" />
    </Map>
    <Map>
      <From key="300/9///7-6" />
      <To key="T-300/S-N9_9/C-C040_9_07/E-127_9_07.06" />
    </Map>
    <Map>
      <From key="300/10///1" />
      <To key="T-300/S-R2A_10/E-133_10_01" />
    </Map>
    <Map>
      <From key="300/10///2" />
      <To key="T-300/S-R2A_10/E-1431_10_02" />
    </Map>
    <Map>
      <From key="300/10///3" />
      <To key="T-300/S-R2A_10/E-91_10_03" />
    </Map>
    <Map>
      <From key="300/10///4" />
      <To key="T-300/S-R2A_10/E-140_10_04" />
    </Map>
    <Map>
      <From key="300/10///5" />
      <To key="T-300/S-R2A_10/E-309_10_05" />
    </Map>
    <Map>
      <From key="300/10///6" />
      <To key="T-300/S-R2A_10/E-310_10_06" />
    </Map>
    <Map>
      <From key="300/10///7" />
      <To key="T-300/S-R2A_10/E-56_10_07" />
    </Map>
    <Map>
      <From key="300/10///8" />
      <To key="T-300/S-R2A_10/E-1_10_08" />
    </Map>
    <Map>
      <From key="300/10///9" />
      <To key="T-300/S-R2A_10/E-742_10_09" />
    </Map>
    <Map>
      <From key="300/10///10" />
      <To key="T-300/S-R2A_10/E-98_10_10" />
    </Map>
    <Map>
      <From key="300/11///1" />
      <To key="T-300/L-N1_11/S-N1_11/E-98_11_01" />
    </Map>
    <Map>
      <From key="300/11///2" />
      <To key="T-300/L-N1_11/S-N1_11/E-93_11_02" />
    </Map>
    <Map>
      <From key="300/11///3" />
      <To key="T-300/L-N1_11/S-N1_11/E-66_11_03" />
    </Map>
    <Map>
      <From key="300/11///4" />
      <To key="T-300/L-N1_11/S-N1_11/E-67_11_04" />
    </Map>
    <Map>
      <From key="300/11///5" />
      <To key="T-300/L-N1_11/S-N1_11/E-706_11_05" />
    </Map>
    <Map>
      <From key="300/11///6" />
      <To key="T-300/L-N1_11/S-N1_11/E-98_11_06" />
    </Map>
    <Map>
      <From key="300/12///1" />
      <To key="T-300/L-N1_11/S-N2_12/E-93_12_01" />
    </Map>
    <Map>
      <From key="300/12///2" />
      <To key="T-300/L-N1_11/S-N2_12/E-93_12_02" />
    </Map>
    <Map>
      <From key="300/13///1" />
      <To key="T-300/L-N1_11/S-N3_13/E-166_13_01" />
    </Map>
    <Map>
      <From key="300/13///2" />
      <To key="T-300/L-N1_11/S-N3_13/E-166_13_02" />
    </Map>
    <Map>
      <From key="300/14///1" />
      <To key="T-300/L-N1_11/S-N4_14/E-19_14_01" />
    </Map>
    <Map>
      <From key="300/14///2" />
      <To key="T-300/L-N1_11/S-N4_14/E-156_14_02" />
    </Map>
    <Map>
      <From key="300/14///3" />
      <To key="T-300/L-N1_11/S-N4_14/E-116_14_03" />
    </Map>
    <Map>
      <From key="300/14///4" />
      <To key="T-300/L-N1_11/S-N4_14/E-26_14_04" />
    </Map>
    <Map>
      <From key="300/14///5" />
      <To key="T-300/L-N1_11/S-N4_14/E-309_14_05" />
    </Map>
    <Map>
      <From key="300/14///6" />
      <To key="T-300/L-N1_11/S-N4_14/E-310_14_06" />
    </Map>
    <Map>
      <From key="300/14///7" />
      <To key="T-300/L-N1_11/S-N4_14/E-1715_14_07" />
    </Map>
    <Map>
      <From key="300/15///1" />
      <To key="T-300/L-N1_11/S-G61_15/E-366_15_01" />
    </Map>
    <Map>
      <From key="300/15///2" />
      <To key="T-300/L-N1_11/S-G61_15/E-93_15_02" />
    </Map>
    <Map>
      <From key="300/15///3" />
      <To key="T-300/L-N1_11/S-G61_15/E-365_15_03" />
    </Map>
    <Map>
      <From key="300/15///4" />
      <To key="T-300/L-N1_11/S-G61_15/E-364_15_04" />
    </Map>
    <Map>
      <From key="300/15///5" />
      <To key="T-300/L-N1_11/S-G61_15/E-443_15_05" />
    </Map>
    <Map>
      <From key="300/16///1" />
      <To key="T-300/L-R4_16/S-R4_16/E-115_16_01" />
    </Map>
    <Map>
      <From key="300/16///2" />
      <To key="T-300/L-R4_16/S-R4_16/E-309_16_02" />
    </Map>
    <Map>
      <From key="300/16///3" />
      <To key="T-300/L-R4_16/S-R4_16/E-310_16_03" />
    </Map>
    <Map>
      <From key="300/16///4" />
      <To key="T-300/L-R4_16/S-R4_16/E-114_16_04" />
    </Map>
    <Map>
      <From key="300/16///5" />
      <To key="T-300/L-R4_16/S-R4_16/E-26_16_05" />
    </Map>
    <Map>
      <From key="300/16///6" />
      <To key="T-300/L-R4_16/S-R4_16/E-174_16_06" />
    </Map>
    <Map>
      <From key="300/16///7" />
      <To key="T-300/L-R4_16/S-R4_16/E-113_16_07" />
    </Map>
    <Map>
      <From key="300/16///8" />
      <To key="T-300/L-R4_16/S-R4_16/E-156_16_08" />
    </Map>
    <Map>
      <From key="300/17///1" />
      <To key="T-300/L-R4_16/S-DTM_17/E-374_17_01" />
    </Map>
    <Map>
      <From key="300/17///2" />
      <To key="T-300/L-R4_16/S-DTM_17/E-373_17_02" />
    </Map>
    <Map>
      <From key="300/17///3" />
      <To key="T-300/L-R4_16/S-DTM_17/E-337_17_03" />
    </Map>
    <Map>
      <From key="300/17///4" />
      <To key="T-300/L-R4_16/S-DTM_17/E-623_17_04" />
    </Map>
    <Map>
      <From key="300/17///5" />
      <To key="T-300/L-R4_16/S-DTM_17/E-1250_17_05" />
    </Map>
    <Map>
      <From key="300/17///6" />
      <To key="T-300/L-R4_16/S-DTM_17/E-1251_17_06" />
    </Map>
    <Map>
      <From key="300/18///1" />
      <To key="T-300/S-W09_18/E-40_18_01" />
    </Map>
    <Map>
      <From key="300/18///2" />
      <To key="T-300/S-W09_18/E-408_18_02" />
    </Map>
    <Map>
      <From key="300/18///3" />
      <To key="T-300/S-W09_18/E-355_18_03" />
    </Map>
    <Map>
      <From key="300/18///4" />
      <To key="T-300/S-W09_18/E-408_18_04" />
    </Map>
    <Map>
      <From key="300/18///5" />
      <To key="T-300/S-W09_18/E-355_18_05" />
    </Map>
    <Map>
      <From key="300/18///6" />
      <To key="T-300/S-W09_18/E-3_18_06" />
    </Map>
    <Map>
      <From key="300/18///7" />
      <To key="T-300/S-W09_18/E-1122_18_07" />
    </Map>
    <Map>
      <From key="300/18///8" />
      <To key="T-300/S-W09_18/E-488_18_08" />
    </Map>
    <Map>
      <From key="300/18///9" />
      <To key="T-300/S-W09_18/E-380_18_09" />
    </Map>
    <Map>
      <From key="300/19///1" />
      <To key="T-300/S-H3_19/E-152_19_01" />
    </Map>
    <Map>
      <From key="300/19///2" />
      <To key="T-300/S-H3_19/E-153_19_02" />
    </Map>
    <Map>
      <From key="300/19///3" />
      <To key="T-300/S-H3_19/E-241_19_03" />
    </Map>
    <Map>
      <From key="300/19///4" />
      <To key="T-300/S-H3_19/E-242_19_04" />
    </Map>
    <Map>
      <From key="300/19///5" />
      <To key="T-300/S-H3_19/E-257_19_05" />
    </Map>
    <Map>
      <From key="300/20///1" />
      <To key="T-300/S-EA_20/E-1402_20_01" />
    </Map>
    <Map>
      <From key="300/20///2-1" />
      <To key="T-300/S-EA_20/C-C001_20_02/E-355_20_02.01" />
    </Map>
    <Map>
      <From key="300/20///2-2" />
      <To key="T-300/S-EA_20/C-C001_20_02/E-1018_20_02.02" />
    </Map>
    <Map>
      <From key="300/20///2-3" />
      <To key="T-300/S-EA_20/C-C001_20_02/E-649_20_02.03" />
    </Map>
    <Map>
      <From key="300/20///2-4" />
      <To key="T-300/S-EA_20/C-C001_20_02/E-355_20_02.04" />
    </Map>
    <Map>
      <From key="300/20///2-5" />
      <To key="T-300/S-EA_20/C-C001_20_02/E-1018_20_02.05" />
    </Map>
    <Map>
      <From key="300/20///2-6" />
      <To key="T-300/S-EA_20/C-C001_20_02/E-649_20_02.06" />
    </Map>
    <Map>
      <From key="300/20///2-7" />
      <To key="T-300/S-EA_20/C-C001_20_02/E-355_20_02.07" />
    </Map>
    <Map>
      <From key="300/20///2-8" />
      <To key="T-300/S-EA_20/C-C001_20_02/E-1018_20_02.08" />
    </Map>
    <Map>
      <From key="300/20///2-9" />
      <To key="T-300/S-EA_20/C-C001_20_02/E-649_20_02.09" />
    </Map>
    <Map>
      <From key="300/20///2-10" />
      <To key="T-300/S-EA_20/C-C001_20_02/E-355_20_02.10" />
    </Map>
    <Map>
      <From key="300/20///2-11" />
      <To key="T-300/S-EA_20/C-C001_20_02/E-1018_20_02.11" />
    </Map>
    <Map>
      <From key="300/20///2-12" />
      <To key="T-300/S-EA_20/C-C001_20_02/E-649_20_02.12" />
    </Map>
    <Map>
      <From key="300/20///2-13" />
      <To key="T-300/S-EA_20/C-C001_20_02/E-355_20_02.13" />
    </Map>
    <Map>
      <From key="300/20///2-14" />
      <To key="T-300/S-EA_20/C-C001_20_02/E-1018_20_02.14" />
    </Map>
    <Map>
      <From key="300/20///2-15" />
      <To key="T-300/S-EA_20/C-C001_20_02/E-649_20_02.15" />
    </Map>
    <Map>
      <From key="300/20///3" />
      <To key="T-300/S-EA_20/E-380_20_03" />
    </Map>
    <Map>
      <From key="300/21///1" />
      <To key="T-300/L-LX_21/S-LX_21/E-554_21_01" />
    </Map>
    <Map>
      <From key="300/22///1" />
      <To key="T-300/L-LX_21/S-N7_22/E-206_22_01" />
    </Map>
    <Map>
      <From key="300/22///2" />
      <To key="T-300/L-LX_21/S-N7_22/E-207_22_02" />
    </Map>
    <Map>
      <From key="300/22///3" />
      <To key="T-300/L-LX_21/S-N7_22/E-81_22_03" />
    </Map>
    <Map>
      <From key="300/22///4" />
      <To key="T-300/L-LX_21/S-N7_22/E-187_22_04" />
    </Map>
    <Map>
      <From key="300/22///5" />
      <To key="T-300/L-LX_21/S-N7_22/E-167_22_05" />
    </Map>
    <Map>
      <From key="300/22///6" />
      <To key="T-300/L-LX_21/S-N7_22/E-232_22_06" />
    </Map>
    <Map>
      <From key="300/22///7" />
      <To key="T-300/L-LX_21/S-N7_22/E-205_22_07" />
    </Map>
    <Map>
      <From key="300/22///8" />
      <To key="T-300/L-LX_21/S-N7_22/E-183_22_08" />
    </Map>
    <Map>
      <From key="300/22///9" />
      <To key="T-300/L-LX_21/S-N7_22/E-184_22_09" />
    </Map>
    <Map>
      <From key="300/22///10" />
      <To key="T-300/L-LX_21/S-N7_22/E-102_22_10" />
    </Map>
    <Map>
      <From key="300/22///11" />
      <To key="T-300/L-LX_21/S-N7_22/E-40_22_11" />
    </Map>
    <Map>
      <From key="300/22///12" />
      <To key="T-300/L-LX_21/S-N7_22/E-140_22_12" />
    </Map>
    <Map>
      <From key="300/22///13" />
      <To key="T-300/L-LX_21/S-N7_22/E-319_22_13" />
    </Map>
    <Map>
      <From key="300/22///14" />
      <To key="T-300/L-LX_21/S-N7_22/E-219_22_14" />
    </Map>
    <Map>
      <From key="300/22///15" />
      <To key="T-300/L-LX_21/S-N7_22/E-567_22_15" />
    </Map>
    <Map>
      <From key="300/22///16" />
      <To key="T-300/L-LX_21/S-N7_22/E-571_22_16" />
    </Map>
    <Map>
      <From key="300/22///17" />
      <To key="T-300/L-LX_21/S-N7_22/E-188_22_17" />
    </Map>
    <Map>
      <From key="300/22///18" />
      <To key="T-300/L-LX_21/S-N7_22/E-761_22_18" />
    </Map>
    <Map>
      <From key="300/22///19" />
      <To key="T-300/L-LX_21/S-N7_22/E-56_22_19" />
    </Map>
    <Map>
      <From key="300/22///20" />
      <To key="T-300/L-LX_21/S-N7_22/E-65_22_20" />
    </Map>
    <Map>
      <From key="300/22///21" />
      <To key="T-300/L-LX_21/S-N7_22/E-189_22_21" />
    </Map>
    <Map>
      <From key="300/22///22" />
      <To key="T-300/L-LX_21/S-N7_22/E-24_22_22" />
    </Map>
    <Map>
      <From key="300/22///23" />
      <To key="T-300/L-LX_21/S-N7_22/E-140_22_23" />
    </Map>
    <Map>
      <From key="300/22///24" />
      <To key="T-300/L-LX_21/S-N7_22/E-301_22_24" />
    </Map>
    <Map>
      <From key="300/23///1" />
      <To key="T-300/L-LX_21/S-W09_23/E-40_23_01" />
    </Map>
    <Map>
      <From key="300/23///2" />
      <To key="T-300/L-LX_21/S-W09_23/E-408_23_02" />
    </Map>
    <Map>
      <From key="300/23///3" />
      <To key="T-300/L-LX_21/S-W09_23/E-355_23_03" />
    </Map>
    <Map>
      <From key="300/23///4" />
      <To key="T-300/L-LX_21/S-W09_23/E-408_23_04" />
    </Map>
    <Map>
      <From key="300/23///5" />
      <To key="T-300/L-LX_21/S-W09_23/E-355_23_05" />
    </Map>
    <Map>
      <From key="300/23///6" />
      <To key="T-300/L-LX_21/S-W09_23/E-3_23_06" />
    </Map>
    <Map>
      <From key="300/23///7" />
      <To key="T-300/L-LX_21/S-W09_23/E-1122_23_07" />
    </Map>
    <Map>
      <From key="300/23///8" />
      <To key="T-300/L-LX_21/S-W09_23/E-488_23_08" />
    </Map>
    <Map>
      <From key="300/23///9" />
      <To key="T-300/L-LX_21/S-W09_23/E-380_23_09" />
    </Map>
    <Map>
      <From key="300/24///1" />
      <To key="T-300/L-LX_21/S-DTM_24/E-374_24_01" />
    </Map>
    <Map>
      <From key="300/24///2" />
      <To key="T-300/L-LX_21/S-DTM_24/E-373_24_02" />
    </Map>
    <Map>
      <From key="300/24///3" />
      <To key="T-300/L-LX_21/S-DTM_24/E-337_24_03" />
    </Map>
    <Map>
      <From key="300/24///4" />
      <To key="T-300/L-LX_21/S-DTM_24/E-623_24_04" />
    </Map>
    <Map>
      <From key="300/24///5" />
      <To key="T-300/L-LX_21/S-DTM_24/E-1250_24_05" />
    </Map>
    <Map>
      <From key="300/24///6" />
      <To key="T-300/L-LX_21/S-DTM_24/E-1251_24_06" />
    </Map>
    <Map>
      <From key="300/25///1" />
      <To key="T-300/L-LX_21/S-L0_25/E-213_25_01" />
    </Map>
    <Map>
      <From key="300/25///2" />
      <To key="T-300/L-LX_21/S-L0_25/E-220_25_02" />
    </Map>
    <Map>
      <From key="300/25///3" />
      <To key="T-300/L-LX_21/S-L0_25/E-221_25_03" />
    </Map>
    <Map>
      <From key="300/25///4" />
      <To key="T-300/L-LX_21/S-L0_25/E-81_25_04" />
    </Map>
    <Map>
      <From key="300/25///5" />
      <To key="T-300/L-LX_21/S-L0_25/E-187_25_05" />
    </Map>
    <Map>
      <From key="300/25///6" />
      <To key="T-300/L-LX_21/S-L0_25/E-183_25_06" />
    </Map>
    <Map>
      <From key="300/25///7" />
      <To key="T-300/L-LX_21/S-L0_25/E-184_25_07" />
    </Map>
    <Map>
      <From key="300/25///8" />
      <To key="T-300/L-LX_21/S-L0_25/E-80_25_08" />
    </Map>
    <Map>
      <From key="300/25///9" />
      <To key="T-300/L-LX_21/S-L0_25/E-211_25_09" />
    </Map>
    <Map>
      <From key="300/25///10" />
      <To key="T-300/L-LX_21/S-L0_25/E-458_25_10" />
    </Map>
    <Map>
      <From key="300/25///11" />
      <To key="T-300/L-LX_21/S-L0_25/E-188_25_11" />
    </Map>
    <Map>
      <From key="300/25///12" />
      <To key="T-300/L-LX_21/S-L0_25/E-56_25_12" />
    </Map>
    <Map>
      <From key="300/25///13" />
      <To key="T-300/L-LX_21/S-L0_25/E-380_25_13" />
    </Map>
    <Map>
      <From key="300/25///14" />
      <To key="T-300/L-LX_21/S-L0_25/E-211_25_14" />
    </Map>
    <Map>
      <From key="300/25///15" />
      <To key="T-300/L-LX_21/S-L0_25/E-1073_25_15" />
    </Map>
    <Map>
      <From key="300/26///1" />
      <To key="T-300/L-LX_21/S-L5_26/E-213_26_01" />
    </Map>
    <Map>
      <From key="300/26///2" />
      <To key="T-300/L-LX_21/S-L5_26/E-79_26_02" />
    </Map>
    <Map>
      <From key="300/26///3" />
      <To key="T-300/L-LX_21/S-L5_26/E-22_26_03" />
    </Map>
    <Map>
      <From key="300/26///4" />
      <To key="T-300/L-LX_21/S-L5_26/E-23_26_04" />
    </Map>
    <Map>
      <From key="300/26///5" />
      <To key="T-300/L-LX_21/S-L5_26/E-103_26_05" />
    </Map>
    <Map>
      <From key="300/26///6" />
      <To key="T-300/L-LX_21/S-L5_26/E-87_26_06" />
    </Map>
    <Map>
      <From key="300/26///7" />
      <To key="T-300/L-LX_21/S-L5_26/E-88_26_07" />
    </Map>
    <Map>
      <From key="300/26///8" />
      <To key="T-300/L-LX_21/S-L5_26/E-23_26_08" />
    </Map>
    <Map>
      <From key="300/26///9" />
      <To key="T-300/L-LX_21/S-L5_26/E-22_26_09" />
    </Map>
    <Map>
      <From key="300/26///10" />
      <To key="T-300/L-LX_21/S-L5_26/E-595_26_10" />
    </Map>
    <Map>
      <From key="300/27///1" />
      <To key="T-300/L-LX_21/S-L4_27/E-82_27_01" />
    </Map>
    <Map>
      <From key="300/27///2" />
      <To key="T-300/L-LX_21/S-L4_27/E-189_27_02" />
    </Map>
    <Map>
      <From key="300/27///3" />
      <To key="T-300/L-LX_21/S-L4_27/E-65_27_03" />
    </Map>
    <Map>
      <From key="300/27///4" />
      <To key="T-300/L-LX_21/S-L4_27/E-90_27_04" />
    </Map>
    <Map>
      <From key="300/27///5" />
      <To key="T-300/L-LX_21/S-L4_27/E-380_27_05" />
    </Map>
    <Map>
      <From key="300/27///6" />
      <To key="T-300/L-LX_21/S-L4_27/E-1271_27_06" />
    </Map>
    <Map>
      <From key="300/28///1" />
      <To key="T-300/L-LX_21/S-L1_28/E-213_28_01" />
    </Map>
    <Map>
      <From key="300/28///2" />
      <To key="T-300/L-LX_21/S-L1_28/E-60_28_02" />
    </Map>
    <Map>
      <From key="300/28///3" />
      <To key="T-300/L-LX_21/S-L1_28/E-122_28_03" />
    </Map>
    <Map>
      <From key="300/28///4" />
      <To key="T-300/L-LX_21/S-L1_28/E-58_28_04" />
    </Map>
    <Map>
      <From key="300/28///5" />
      <To key="T-300/L-LX_21/S-L1_28/E-191_28_05" />
    </Map>
    <Map>
      <From key="300/28///6" />
      <To key="T-300/L-LX_21/S-L1_28/E-117_28_06" />
    </Map>
    <Map>
      <From key="300/28///7" />
      <To key="T-300/L-LX_21/S-L1_28/E-120_28_07" />
    </Map>
    <Map>
      <From key="300/28///8" />
      <To key="T-300/L-LX_21/S-L1_28/E-150_28_08" />
    </Map>
    <Map>
      <From key="300/28///9" />
      <To key="T-300/L-LX_21/S-L1_28/E-121_28_09" />
    </Map>
    <Map>
      <From key="300/28///10" />
      <To key="T-300/L-LX_21/S-L1_28/E-39_28_10" />
    </Map>
    <Map>
      <From key="300/28///11" />
      <To key="T-300/L-LX_21/S-L1_28/E-16_28_11" />
    </Map>
    <Map>
      <From key="300/28///12" />
      <To key="T-300/L-LX_21/S-L1_28/E-276_28_12" />
    </Map>
    <Map>
      <From key="300/28///13" />
      <To key="T-300/L-LX_21/S-L1_28/E-257_28_13" />
    </Map>
    <Map>
      <From key="300/28///14" />
      <To key="T-300/L-LX_21/S-L1_28/E-74_28_14" />
    </Map>
    <Map>
      <From key="300/28///15" />
      <To key="T-300/L-LX_21/S-L1_28/E-122_28_15" />
    </Map>
    <Map>
      <From key="300/28///16" />
      <To key="T-300/L-LX_21/S-L1_28/E-372_28_16" />
    </Map>
    <Map>
      <From key="300/28///17" />
      <To key="T-300/L-LX_21/S-L1_28/E-220_28_17" />
    </Map>
    <Map>
      <From key="300/28///18" />
      <To key="T-300/L-LX_21/S-L1_28/E-221_28_18" />
    </Map>
    <Map>
      <From key="300/28///19" />
      <To key="T-300/L-LX_21/S-L1_28/E-954_28_19" />
    </Map>
    <Map>
      <From key="300/28///20" />
      <To key="T-300/L-LX_21/S-L1_28/E-100_28_20" />
    </Map>
    <Map>
      <From key="300/28///21" />
      <To key="T-300/L-LX_21/S-L1_28/E-610_28_21" />
    </Map>
    <Map>
      <From key="300/28///22" />
      <To key="T-300/L-LX_21/S-L1_28/E-148_28_22" />
    </Map>
    <Map>
      <From key="300/29///1" />
      <To key="T-300/L-LX_21/L-H1_29/S-H1_29/E-62_29_01" />
    </Map>
    <Map>
      <From key="300/29///2" />
      <To key="T-300/L-LX_21/L-H1_29/S-H1_29/E-209_29_02" />
    </Map>
    <Map>
      <From key="300/29///3" />
      <To key="T-300/L-LX_21/L-H1_29/S-H1_29/E-208_29_03" />
    </Map>
    <Map>
      <From key="300/29///4" />
      <To key="T-300/L-LX_21/L-H1_29/S-H1_29/E-64_29_04" />
    </Map>
    <Map>
      <From key="300/29///5" />
      <To key="T-300/L-LX_21/L-H1_29/S-H1_29/E-63_29_05" />
    </Map>
    <Map>
      <From key="300/29///6" />
      <To key="T-300/L-LX_21/L-H1_29/S-H1_29/E-200_29_06" />
    </Map>
    <Map>
      <From key="300/29///7" />
      <To key="T-300/L-LX_21/L-H1_29/S-H1_29/E-77_29_07" />
    </Map>
    <Map>
      <From key="300/29///8" />
      <To key="T-300/L-LX_21/L-H1_29/S-H1_29/E-355_29_08" />
    </Map>
    <Map>
      <From key="300/29///9" />
      <To key="T-300/L-LX_21/L-H1_29/S-H1_29/E-254_29_09" />
    </Map>
    <Map>
      <From key="300/30///1" />
      <To key="T-300/L-LX_21/L-H1_29/S-H2_30/E-64_30_01" />
    </Map>
    <Map>
      <From key="300/30///2" />
      <To key="T-300/L-LX_21/L-H1_29/S-H2_30/E-274_30_02" />
    </Map>
    <Map>
      <From key="300/31///1" />
      <To key="T-300/L-LX_21/L-LH1_31/S-LH1_31/E-355_31_01" />
    </Map>
    <Map>
      <From key="300/31///2" />
      <To key="T-300/L-LX_21/L-LH1_31/S-LH1_31/E-80_31_02" />
    </Map>
    <Map>
      <From key="300/31///3" />
      <To key="T-300/L-LX_21/L-LH1_31/S-LH1_31/E-277_31_03" />
    </Map>
    <Map>
      <From key="300/31///4" />
      <To key="T-300/L-LX_21/L-LH1_31/S-LH1_31/E-200_31_04" />
    </Map>
    <Map>
      <From key="300/31///5" />
      <To key="T-300/L-LX_21/L-LH1_31/S-LH1_31/E-22_31_05" />
    </Map>
    <Map>
      <From key="300/31///6" />
      <To key="T-300/L-LX_21/L-LH1_31/S-LH1_31/E-355_31_06" />
    </Map>
    <Map>
      <From key="300/31///7" />
      <To key="T-300/L-LX_21/L-LH1_31/S-LH1_31/E-380_31_07" />
    </Map>
    <Map>
      <From key="300/31///8" />
      <To key="T-300/L-LX_21/L-LH1_31/S-LH1_31/E-595_31_08" />
    </Map>
    <Map>
      <From key="300/31///9" />
      <To key="T-300/L-LX_21/L-LH1_31/S-LH1_31/E-665_31_09" />
    </Map>
    <Map>
      <From key="300/31///10" />
      <To key="T-300/L-LX_21/L-LH1_31/S-LH1_31/E-254_31_10" />
    </Map>
    <Map>
      <From key="300/31///11" />
      <To key="T-300/L-LX_21/L-LH1_31/S-LH1_31/E-1375_31_11" />
    </Map>
    <Map>
      <From key="300/31///12" />
      <To key="T-300/L-LX_21/L-LH1_31/S-LH1_31/E-1271_31_12" />
    </Map>
    <Map>
      <From key="300/32///1" />
      <To key="T-300/L-LX_21/L-LH1_31/S-LH2_32/E-215_32_01" />
    </Map>
    <Map>
      <From key="300/32///2" />
      <To key="T-300/L-LX_21/L-LH1_31/S-LH2_32/E-983_32_02" />
    </Map>
    <Map>
      <From key="300/32///3" />
      <To key="T-300/L-LX_21/L-LH1_31/S-LH2_32/E-218_32_03" />
    </Map>
    <Map>
      <From key="300/32///4" />
      <To key="T-300/L-LX_21/L-LH1_31/S-LH2_32/E-222_32_04" />
    </Map>
    <Map>
      <From key="300/32///5" />
      <To key="T-300/L-LX_21/L-LH1_31/S-LH2_32/E-759_32_05" />
    </Map>
    <Map>
      <From key="300/32///6" />
      <To key="T-300/L-LX_21/L-LH1_31/S-LH2_32/E-355_32_06" />
    </Map>
    <Map>
      <From key="300/32///7" />
      <To key="T-300/L-LX_21/L-LH1_31/S-LH2_32/E-408_32_07" />
    </Map>
    <Map>
      <From key="300/32///8" />
      <To key="T-300/L-LX_21/L-LH1_31/S-LH2_32/E-355_32_08" />
    </Map>
    <Map>
      <From key="300/32///9" />
      <To key="T-300/L-LX_21/L-LH1_31/S-LH2_32/E-408_32_09" />
    </Map>
    <Map>
      <From key="300/32///10" />
      <To key="T-300/L-LX_21/L-LH1_31/S-LH2_32/E-355_32_10" />
    </Map>
    <Map>
      <From key="300/32///11" />
      <To key="T-300/L-LX_21/L-LH1_31/S-LH2_32/E-408_32_11" />
    </Map>
    <Map>
      <From key="300/32///12" />
      <To key="T-300/L-LX_21/L-LH1_31/S-LH2_32/E-188_32_12" />
    </Map>
    <Map>
      <From key="300/32///13" />
      <To key="T-300/L-LX_21/L-LH1_31/S-LH2_32/E-267_32_13" />
    </Map>
    <Map>
      <From key="300/33///1" />
      <To key="T-300/L-LX_21/L-LH1_31/S-LH3_33/E-224_33_01" />
    </Map>
    <Map>
      <From key="300/33///2" />
      <To key="T-300/L-LX_21/L-LH1_31/S-LH3_33/E-984_33_02" />
    </Map>
    <Map>
      <From key="300/33///3" />
      <To key="T-300/L-LX_21/L-LH1_31/S-LH3_33/E-985_33_03" />
    </Map>
    <Map>
      <From key="300/33///4" />
      <To key="T-300/L-LX_21/L-LH1_31/S-LH3_33/E-1073_33_04" />
    </Map>
    <Map>
      <From key="300/34///1" />
      <To key="T-300/L-LX_21/L-LH1_31/S-LFH_34/E-808_34_01" />
    </Map>
    <Map>
      <From key="300/34///2" />
      <To key="T-300/L-LX_21/L-LH1_31/S-LFH_34/E-809_34_02" />
    </Map>
    <Map>
      <From key="300/34///3" />
      <To key="T-300/L-LX_21/L-LH1_31/S-LFH_34/E-809_34_03" />
    </Map>
    <Map>
      <From key="300/34///4" />
      <To key="T-300/L-LX_21/L-LH1_31/S-LFH_34/E-1023_34_04" />
    </Map>
    <Map>
      <From key="300/34///5" />
      <To key="T-300/L-LX_21/L-LH1_31/S-LFH_34/E-355_34_05" />
    </Map>
    <Map>
      <From key="300/34///6" />
      <To key="T-300/L-LX_21/L-LH1_31/S-LFH_34/E-380_34_06" />
    </Map>
    <Map>
      <From key="300/34///7" />
      <To key="T-300/L-LX_21/L-LH1_31/S-LFH_34/E-380_34_07" />
    </Map>
    <Map>
      <From key="300/34///8" />
      <To key="T-300/L-LX_21/L-LH1_31/S-LFH_34/E-373_34_08" />
    </Map>
    <Map>
      <From key="300/35///1" />
      <To key="T-300/L-LX_21/L-LH1_31/S-LEP_35/E-806_35_01" />
    </Map>
    <Map>
      <From key="300/35///2" />
      <To key="T-300/L-LX_21/L-LH1_31/S-LEP_35/E-807_35_02" />
    </Map>
    <Map>
      <From key="300/35///3" />
      <To key="T-300/L-LX_21/L-LH1_31/S-LEP_35/E-156_35_03" />
    </Map>
    <Map>
      <From key="300/35///4" />
      <To key="T-300/L-LX_21/L-LH1_31/S-LEP_35/E-127_35_04" />
    </Map>
    <Map>
      <From key="300/36///1" />
      <To key="T-300/L-LX_21/L-LH1_31/S-LH4_36/E-238_36_01" />
    </Map>
    <Map>
      <From key="300/36///2" />
      <To key="T-300/L-LX_21/L-LH1_31/S-LH4_36/E-364_36_02" />
    </Map>
    <Map>
      <From key="300/36///3" />
      <To key="T-300/L-LX_21/L-LH1_31/S-LH4_36/E-254_36_03" />
    </Map>
    <Map>
      <From key="300/36///4" />
      <To key="T-300/L-LX_21/L-LH1_31/S-LH4_36/E-230_36_04" />
    </Map>
    <Map>
      <From key="300/36///5" />
      <To key="T-300/L-LX_21/L-LH1_31/S-LH4_36/E-230_36_05" />
    </Map>
    <Map>
      <From key="300/36///6" />
      <To key="T-300/L-LX_21/L-LH1_31/S-LH4_36/E-230_36_06" />
    </Map>
    <Map>
      <From key="300/36///7" />
      <To key="T-300/L-LX_21/L-LH1_31/S-LH4_36/E-271_36_07" />
    </Map>
    <Map>
      <From key="300/36///8" />
      <To key="T-300/L-LX_21/L-LH1_31/S-LH4_36/E-267_36_08" />
    </Map>
    <Map>
      <From key="300/36///9" />
      <To key="T-300/L-LX_21/L-LH1_31/S-LH4_36/E-805_36_09" />
    </Map>
    <Map>
      <From key="300/36///10" />
      <To key="T-300/L-LX_21/L-LH1_31/S-LH4_36/E-986_36_10" />
    </Map>
    <Map>
      <From key="300/36///11" />
      <To key="T-300/L-LX_21/L-LH1_31/S-LH4_36/E-364_36_11" />
    </Map>
    <Map>
      <From key="300/36///12" />
      <To key="T-300/L-LX_21/L-LH1_31/S-LH4_36/E-355_36_12" />
    </Map>
    <Map>
      <From key="300/37///1" />
      <To key="T-300/L-LX_21/L-LH1_31/S-LHT_37/E-215_37_01" />
    </Map>
    <Map>
      <From key="300/37///2" />
      <To key="T-300/L-LX_21/L-LH1_31/S-LHT_37/E-218_37_02" />
    </Map>
    <Map>
      <From key="300/37///3" />
      <To key="T-300/L-LX_21/L-LH1_31/S-LHT_37/E-222_37_03" />
    </Map>
    <Map>
      <From key="300/38///1" />
      <To key="T-300/L-LX_21/L-LH1_31/S-LHR_38/E-128_38_01" />
    </Map>
    <Map>
      <From key="300/38///2" />
      <To key="T-300/L-LX_21/L-LH1_31/S-LHR_38/E-127_38_02" />
    </Map>
    <Map>
      <From key="300/38///3" />
      <To key="T-300/L-LX_21/L-LH1_31/S-LHR_38/E-373_38_03" />
    </Map>
    <Map>
      <From key="300/39///1" />
      <To key="T-300/L-LX_21/L-LH1_31/S-PER_39/E-366_39_01" />
    </Map>
    <Map>
      <From key="300/39///2" />
      <To key="T-300/L-LX_21/L-LH1_31/S-PER_39/E-93_39_02" />
    </Map>
    <Map>
      <From key="300/39///3" />
      <To key="T-300/L-LX_21/L-LH1_31/S-PER_39/E-365_39_03" />
    </Map>
    <Map>
      <From key="300/39///4" />
      <To key="T-300/L-LX_21/L-LH1_31/S-PER_39/E-364_39_04" />
    </Map>
    <Map>
      <From key="300/39///5" />
      <To key="T-300/L-LX_21/L-LH1_31/S-PER_39/E-365_39_05" />
    </Map>
    <Map>
      <From key="300/39///6" />
      <To key="T-300/L-LX_21/L-LH1_31/S-PER_39/E-364_39_06" />
    </Map>
    <Map>
      <From key="300/39///7" />
      <To key="T-300/L-LX_21/L-LH1_31/S-PER_39/E-365_39_07" />
    </Map>
    <Map>
      <From key="300/39///8" />
      <To key="T-300/L-LX_21/L-LH1_31/S-PER_39/E-364_39_08" />
    </Map>
    <Map>
      <From key="300/39///9" />
      <To key="T-300/L-LX_21/L-LH1_31/S-PER_39/E-443_39_09" />
    </Map>
    <Map>
      <From key="300/40///1" />
      <To key="T-300/S-V1_40/E-597_40_01" />
    </Map>
    <Map>
      <From key="300/40///2" />
      <To key="T-300/S-V1_40/E-182_40_02" />
    </Map>
    <Map>
      <From key="300/40///3" />
      <To key="T-300/S-V1_40/E-26_40_03" />
    </Map>
    <Map>
      <From key="300/40///4" />
      <To key="T-300/S-V1_40/E-55_40_04" />
    </Map>
    <Map>
      <From key="300/40///5" />
      <To key="T-300/S-V1_40/E-140_40_05" />
    </Map>
    <Map>
      <From key="300/40///6" />
      <To key="T-300/S-V1_40/E-249_40_06" />
    </Map>
    <Map>
      <From key="300/40///7" />
      <To key="T-300/S-V1_40/E-854_40_07" />
    </Map>
    <Map>
      <From key="300/40///8" />
      <To key="T-300/S-V1_40/E-897_40_08" />
    </Map>
    <Map>
      <From key="300/40///9" />
      <To key="T-300/S-V1_40/E-91_40_09" />
    </Map>
    <Map>
      <From key="300/41///1" />
      <To key="T-300/S-V9_41/E-304_41_01" />
    </Map>
    <Map>
      <From key="300/41///2" />
      <To key="T-300/S-V9_41/E-106_41_02" />
    </Map>
    <Map>
      <From key="300/41///3" />
      <To key="T-300/S-V9_41/E-373_41_03" />
    </Map>
    <Map>
      <From key="300/41///4" />
      <To key="T-300/S-V9_41/E-337_41_04" />
    </Map>
    <Map>
      <From key="300/41///5" />
      <To key="T-300/S-V9_41/E-19_41_05" />
    </Map>
    <Map>
      <From key="300/41///6" />
      <To key="T-300/S-V9_41/E-156_41_06" />
    </Map>
    <Map>
      <From key="300/41///7" />
      <To key="T-300/S-V9_41/E-26_41_07" />
    </Map>
    <Map>
      <From key="300/41///8" />
      <To key="T-300/S-V9_41/E-641_41_08" />
    </Map>
    <Map>
      <From key="300/41///9" />
      <To key="T-300/S-V9_41/E-154_41_09" />
    </Map>
    <Map>
      <From key="300/41///10" />
      <To key="T-300/S-V9_41/E-380_41_10" />
    </Map>
    <Map>
      <From key="300/41///11" />
      <To key="T-300/S-V9_41/E-1274_41_11" />
    </Map>
    <Map>
      <From key="300/41///12" />
      <To key="T-300/S-V9_41/E-61_41_12" />
    </Map>
    <Map>
      <From key="300/41///13" />
      <To key="T-300/S-V9_41/E-623_41_13" />
    </Map>
    <Map>
      <From key="300/41///14" />
      <To key="T-300/S-V9_41/E-380_41_14" />
    </Map>
    <Map>
      <From key="300/41///15" />
      <To key="T-300/S-V9_41/E-154_41_15" />
    </Map>
    <Map>
      <From key="300/41///16" />
      <To key="T-300/S-V9_41/E-86_41_16" />
    </Map>
    <Map>
      <From key="300/41///17" />
      <To key="T-300/S-V9_41/E-86_41_17" />
    </Map>
    <Map>
      <From key="300/41///18" />
      <To key="T-300/S-V9_41/E-86_41_18" />
    </Map>
    <Map>
      <From key="300/41///19" />
      <To key="T-300/S-V9_41/E-81_41_19" />
    </Map>
    <Map>
      <From key="300/41///20" />
      <To key="T-300/S-V9_41/E-82_41_20" />
    </Map>
    <Map>
      <From key="300/42///1" />
      <To key="T-300/S-K1_42/E-61_42_01" />
    </Map>
    <Map>
      <From key="300/42///2" />
      <To key="T-300/S-K1_42/E-61_42_02" />
    </Map>
    <Map>
      <From key="300/43///1" />
      <To key="T-300/S-SE_43/E-96_43_01" />
    </Map>
    <Map>
      <From key="300/43///2" />
      <To key="T-300/S-SE_43/E-329_43_02" />
    </Map>
  </KEYMAP>
</Configure>
